Archive member included to satisfy reference by file (symbol)

c:/st/stm32cubeide_1.8.0/stm32cubeide/plugins/com.st.stm32cube.ide.mcu.externaltools.gnu-tools-for-stm32.10.3-2021.10.win32_1.0.0.202111181127/tools/bin/../lib/gcc/arm-none-eabi/10.3.1/../../../../arm-none-eabi/lib/thumb/v6-m/nofp\libc_nano.a(lib_a-errno.o)
                              Core\Src\syscalls.o (__errno)
c:/st/stm32cubeide_1.8.0/stm32cubeide/plugins/com.st.stm32cube.ide.mcu.externaltools.gnu-tools-for-stm32.10.3-2021.10.win32_1.0.0.202111181127/tools/bin/../lib/gcc/arm-none-eabi/10.3.1/../../../../arm-none-eabi/lib/thumb/v6-m/nofp\libc_nano.a(lib_a-exit.o)
                              c:/st/stm32cubeide_1.8.0/stm32cubeide/plugins/com.st.stm32cube.ide.mcu.externaltools.gnu-tools-for-stm32.10.3-2021.10.win32_1.0.0.202111181127/tools/bin/../lib/gcc/arm-none-eabi/10.3.1/../../../../arm-none-eabi/lib/thumb/v6-m/nofp/crt0.o (exit)
c:/st/stm32cubeide_1.8.0/stm32cubeide/plugins/com.st.stm32cube.ide.mcu.externaltools.gnu-tools-for-stm32.10.3-2021.10.win32_1.0.0.202111181127/tools/bin/../lib/gcc/arm-none-eabi/10.3.1/../../../../arm-none-eabi/lib/thumb/v6-m/nofp\libc_nano.a(lib_a-impure.o)
                              c:/st/stm32cubeide_1.8.0/stm32cubeide/plugins/com.st.stm32cube.ide.mcu.externaltools.gnu-tools-for-stm32.10.3-2021.10.win32_1.0.0.202111181127/tools/bin/../lib/gcc/arm-none-eabi/10.3.1/../../../../arm-none-eabi/lib/thumb/v6-m/nofp\libc_nano.a(lib_a-exit.o) (_global_impure_ptr)
c:/st/stm32cubeide_1.8.0/stm32cubeide/plugins/com.st.stm32cube.ide.mcu.externaltools.gnu-tools-for-stm32.10.3-2021.10.win32_1.0.0.202111181127/tools/bin/../lib/gcc/arm-none-eabi/10.3.1/../../../../arm-none-eabi/lib/thumb/v6-m/nofp\libc_nano.a(lib_a-init.o)
                              c:/st/stm32cubeide_1.8.0/stm32cubeide/plugins/com.st.stm32cube.ide.mcu.externaltools.gnu-tools-for-stm32.10.3-2021.10.win32_1.0.0.202111181127/tools/bin/../lib/gcc/arm-none-eabi/10.3.1/../../../../arm-none-eabi/lib/thumb/v6-m/nofp/crt0.o (__libc_init_array)
c:/st/stm32cubeide_1.8.0/stm32cubeide/plugins/com.st.stm32cube.ide.mcu.externaltools.gnu-tools-for-stm32.10.3-2021.10.win32_1.0.0.202111181127/tools/bin/../lib/gcc/arm-none-eabi/10.3.1/../../../../arm-none-eabi/lib/thumb/v6-m/nofp\libc_nano.a(lib_a-malloc.o)
                              Core\ThreadSafe\newlib_lock_glue.o (malloc)
c:/st/stm32cubeide_1.8.0/stm32cubeide/plugins/com.st.stm32cube.ide.mcu.externaltools.gnu-tools-for-stm32.10.3-2021.10.win32_1.0.0.202111181127/tools/bin/../lib/gcc/arm-none-eabi/10.3.1/../../../../arm-none-eabi/lib/thumb/v6-m/nofp\libc_nano.a(lib_a-memset.o)
                              c:/st/stm32cubeide_1.8.0/stm32cubeide/plugins/com.st.stm32cube.ide.mcu.externaltools.gnu-tools-for-stm32.10.3-2021.10.win32_1.0.0.202111181127/tools/bin/../lib/gcc/arm-none-eabi/10.3.1/../../../../arm-none-eabi/lib/thumb/v6-m/nofp/crt0.o (memset)
c:/st/stm32cubeide_1.8.0/stm32cubeide/plugins/com.st.stm32cube.ide.mcu.externaltools.gnu-tools-for-stm32.10.3-2021.10.win32_1.0.0.202111181127/tools/bin/../lib/gcc/arm-none-eabi/10.3.1/../../../../arm-none-eabi/lib/thumb/v6-m/nofp\libc_nano.a(lib_a-nano-freer.o)
                              c:/st/stm32cubeide_1.8.0/stm32cubeide/plugins/com.st.stm32cube.ide.mcu.externaltools.gnu-tools-for-stm32.10.3-2021.10.win32_1.0.0.202111181127/tools/bin/../lib/gcc/arm-none-eabi/10.3.1/../../../../arm-none-eabi/lib/thumb/v6-m/nofp\libc_nano.a(lib_a-malloc.o) (_free_r)
c:/st/stm32cubeide_1.8.0/stm32cubeide/plugins/com.st.stm32cube.ide.mcu.externaltools.gnu-tools-for-stm32.10.3-2021.10.win32_1.0.0.202111181127/tools/bin/../lib/gcc/arm-none-eabi/10.3.1/../../../../arm-none-eabi/lib/thumb/v6-m/nofp\libc_nano.a(lib_a-nano-mallocr.o)
                              c:/st/stm32cubeide_1.8.0/stm32cubeide/plugins/com.st.stm32cube.ide.mcu.externaltools.gnu-tools-for-stm32.10.3-2021.10.win32_1.0.0.202111181127/tools/bin/../lib/gcc/arm-none-eabi/10.3.1/../../../../arm-none-eabi/lib/thumb/v6-m/nofp\libc_nano.a(lib_a-malloc.o) (_malloc_r)
c:/st/stm32cubeide_1.8.0/stm32cubeide/plugins/com.st.stm32cube.ide.mcu.externaltools.gnu-tools-for-stm32.10.3-2021.10.win32_1.0.0.202111181127/tools/bin/../lib/gcc/arm-none-eabi/10.3.1/../../../../arm-none-eabi/lib/thumb/v6-m/nofp\libc_nano.a(lib_a-sbrkr.o)
                              c:/st/stm32cubeide_1.8.0/stm32cubeide/plugins/com.st.stm32cube.ide.mcu.externaltools.gnu-tools-for-stm32.10.3-2021.10.win32_1.0.0.202111181127/tools/bin/../lib/gcc/arm-none-eabi/10.3.1/../../../../arm-none-eabi/lib/thumb/v6-m/nofp\libc_nano.a(lib_a-nano-mallocr.o) (_sbrk_r)
c:/st/stm32cubeide_1.8.0/stm32cubeide/plugins/com.st.stm32cube.ide.mcu.externaltools.gnu-tools-for-stm32.10.3-2021.10.win32_1.0.0.202111181127/tools/bin/../lib/gcc/arm-none-eabi/10.3.1/../../../../arm-none-eabi/lib/thumb/v6-m/nofp\libc_nano.a(lib_a-sprintf.o)
                              Core\Src\main.o (sprintf)
[...]
Memory Configuration

Name             Origin             Length             Attributes
RAM              0x0000000020000000 0x0000000000002000 xrw
FLASH            0x0000000008000000 0x0000000000010000 xr
*default*        0x0000000000000000 0xffffffffffffffff

Linker script and memory map

LOAD c:/st/stm32cubeide_1.8.0/stm32cubeide/plugins/com.st.stm32cube.ide.mcu.externaltools.gnu-tools-for-stm32.10.3-2021.10.win32_1.0.0.202111181127/tools/bin/../lib/gcc/arm-none-eabi/10.3.1/thumb/v6-m/nofp/crti.o
LOAD c:/st/stm32cubeide_1.8.0/stm32cubeide/plugins/com.st.stm32cube.ide.mcu.externaltools.gnu-tools-for-stm32.10.3-2021.10.win32_1.0.0.202111181127/tools/bin/../lib/gcc/arm-none-eabi/10.3.1/thumb/v6-m/nofp/crtbegin.o
LOAD c:/st/stm32cubeide_1.8.0/stm32cubeide/plugins/com.st.stm32cube.ide.mcu.externaltools.gnu-tools-for-stm32.10.3-2021.10.win32_1.0.0.202111181127/tools/bin/../lib/gcc/arm-none-eabi/10.3.1/../../../../arm-none-eabi/lib/thumb/v6-m/nofp/crt0.o
LOAD Core\Src\main.o
LOAD Core\Src\stm32g0xx_hal_msp.o
LOAD Core\Src\stm32g0xx_it.o
LOAD Core\Src\syscalls.o
LOAD Core\Src\sysmem.o
LOAD Core\Src\system_stm32g0xx.o
LOAD Core\Startup\startup_stm32g031c8ux.o
LOAD Core\ThreadSafe\newlib_lock_glue.o
LOAD Drivers\STM32G0xx_HAL_Driver\stm32g0xx_hal.o
LOAD Drivers\STM32G0xx_HAL_Driver\stm32g0xx_hal_adc.o
LOAD Drivers\STM32G0xx_HAL_Driver\stm32g0xx_hal_adc_ex.o
LOAD Drivers\STM32G0xx_HAL_Driver\stm32g0xx_hal_cortex.o
LOAD Drivers\STM32G0xx_HAL_Driver\stm32g0xx_hal_dma.o
LOAD Drivers\STM32G0xx_HAL_Driver\stm32g0xx_hal_dma_ex.o
LOAD Drivers\STM32G0xx_HAL_Driver\stm32g0xx_hal_exti.o
LOAD Drivers\STM32G0xx_HAL_Driver\stm32g0xx_hal_flash.o
LOAD Drivers\STM32G0xx_HAL_Driver\stm32g0xx_hal_flash_ex.o
LOAD Drivers\STM32G0xx_HAL_Driver\stm32g0xx_hal_gpio.o
LOAD Drivers\STM32G0xx_HAL_Driver\stm32g0xx_hal_i2c.o
LOAD Drivers\STM32G0xx_HAL_Driver\stm32g0xx_hal_i2c_ex.o
LOAD Drivers\STM32G0xx_HAL_Driver\stm32g0xx_hal_pwr.o
LOAD Drivers\STM32G0xx_HAL_Driver\stm32g0xx_hal_pwr_ex.o
LOAD Drivers\STM32G0xx_HAL_Driver\stm32g0xx_hal_rcc.o
LOAD Drivers\STM32G0xx_HAL_Driver\stm32g0xx_hal_rcc_ex.o
LOAD Drivers\STM32G0xx_HAL_Driver\stm32g0xx_hal_tim.o
LOAD Drivers\STM32G0xx_HAL_Driver\stm32g0xx_hal_tim_ex.o
LOAD Drivers\STM32G0xx_HAL_Driver\stm32g0xx_hal_uart.o
LOAD Drivers\STM32G0xx_HAL_Driver\stm32g0xx_hal_uart_ex.o
LOAD Drivers\STM32G0xx_HAL_Driver\stm32g0xx_ll_adc.o
LOAD Drivers\STM32G0xx_HAL_Driver\stm32g0xx_ll_dma.o
LOAD Drivers\STM32G0xx_HAL_Driver\stm32g0xx_ll_rcc.o
START GROUP
LOAD c:/st/stm32cubeide_1.8.0/stm32cubeide/plugins/com.st.stm32cube.ide.mcu.externaltools.gnu-tools-for-stm32.10.3-2021.10.win32_1.0.0.202111181127/tools/bin/../lib/gcc/arm-none-eabi/10.3.1/../../../../arm-none-eabi/lib/thumb/v6-m/nofp\libc_nano.a
LOAD c:/st/stm32cubeide_1.8.0/stm32cubeide/plugins/com.st.stm32cube.ide.mcu.externaltools.gnu-tools-for-stm32.10.3-2021.10.win32_1.0.0.202111181127/tools/bin/../lib/gcc/arm-none-eabi/10.3.1/../../../../arm-none-eabi/lib/thumb/v6-m/nofp\libm.a
END GROUP
START GROUP
LOAD c:/st/stm32cubeide_1.8.0/stm32cubeide/plugins/com.st.stm32cube.ide.mcu.externaltools.gnu-tools-for-stm32.10.3-2021.10.win32_1.0.0.202111181127/tools/bin/../lib/gcc/arm-none-eabi/10.3.1/thumb/v6-m/nofp\libgcc.a
LOAD c:/st/stm32cubeide_1.8.0/stm32cubeide/plugins/com.st.stm32cube.ide.mcu.externaltools.gnu-tools-for-stm32.10.3-2021.10.win32_1.0.0.202111181127/tools/bin/../lib/gcc/arm-none-eabi/10.3.1/../../../../arm-none-eabi/lib/thumb/v6-m/nofp\libc_nano.a
END GROUP
START GROUP
LOAD c:/st/stm32cubeide_1.8.0/stm32cubeide/plugins/com.st.stm32cube.ide.mcu.externaltools.gnu-tools-for-stm32.10.3-2021.10.win32_1.0.0.202111181127/tools/bin/../lib/gcc/arm-none-eabi/10.3.1/thumb/v6-m/nofp\libgcc.a
LOAD c:/st/stm32cubeide_1.8.0/stm32cubeide/plugins/com.st.stm32cube.ide.mcu.externaltools.gnu-tools-for-stm32.10.3-2021.10.win32_1.0.0.202111181127/tools/bin/../lib/gcc/arm-none-eabi/10.3.1/../../../../arm-none-eabi/lib/thumb/v6-m/nofp\libc_nano.a
LOAD c:/st/stm32cubeide_1.8.0/stm32cubeide/plugins/com.st.stm32cube.ide.mcu.externaltools.gnu-tools-for-stm32.10.3-2021.10.win32_1.0.0.202111181127/tools/bin/../lib/gcc/arm-none-eabi/10.3.1/../../../../arm-none-eabi/lib/thumb/v6-m/nofp\libnosys.a
END GROUP
START GROUP
LOAD c:/st/stm32cubeide_1.8.0/stm32cubeide/plugins/com.st.stm32cube.ide.mcu.externaltools.gnu-tools-for-stm32.10.3-2021.10.win32_1.0.0.202111181127/tools/bin/../lib/gcc/arm-none-eabi/10.3.1/thumb/v6-m/nofp\libgcc.a
LOAD c:/st/stm32cubeide_1.8.0/stm32cubeide/plugins/com.st.stm32cube.ide.mcu.externaltools.gnu-tools-for-stm32.10.3-2021.10.win32_1.0.0.202111181127/tools/bin/../lib/gcc/arm-none-eabi/10.3.1/../../../../arm-none-eabi/lib/thumb/v6-m/nofp\libc_nano.a
LOAD c:/st/stm32cubeide_1.8.0/stm32cubeide/plugins/com.st.stm32cube.ide.mcu.externaltools.gnu-tools-for-stm32.10.3-2021.10.win32_1.0.0.202111181127/tools/bin/../lib/gcc/arm-none-eabi/10.3.1/../../../../arm-none-eabi/lib/thumb/v6-m/nofp\libnosys.a
END GROUP
LOAD c:/st/stm32cubeide_1.8.0/stm32cubeide/plugins/com.st.stm32cube.ide.mcu.externaltools.gnu-tools-for-stm32.10.3-2021.10.win32_1.0.0.202111181127/tools/bin/../lib/gcc/arm-none-eabi/10.3.1/thumb/v6-m/nofp/crtend.o
LOAD c:/st/stm32cubeide_1.8.0/stm32cubeide/plugins/com.st.stm32cube.ide.mcu.externaltools.gnu-tools-for-stm32.10.3-2021.10.win32_1.0.0.202111181127/tools/bin/../lib/gcc/arm-none-eabi/10.3.1/thumb/v6-m/nofp/crtn.o
                0x0000000020002000                _estack = (ORIGIN (RAM) + LENGTH (RAM))
                0x0000000000000200                _Min_Heap_Size = 0x200
                0x0000000000000400                _Min_Stack_Size = 0x400

.isr_vector     0x0000000008000000       0xbc
                0x0000000008000000                . = ALIGN (0x4)
 *(.isr_vector)
 .isr_vector    0x0000000008000000       0xbc Core\Startup\startup_stm32g031c8ux.o
                0x0000000008000000                g_pfnVectors
                0x00000000080000bc                . = ALIGN (0x4)

.text           0x00000000080000bc     0x5c34
                0x00000000080000bc                . = ALIGN (0x4)
 *(.text)
 .text          0x00000000080000bc       0x48 c:/st/stm32cubeide_1.8.0/stm32cubeide/plugins/com.st.stm32cube.ide.mcu.externaltools.gnu-tools-for-stm32.10.3-2021.10.win32_1.0.0.202111181127/tools/bin/../lib/gcc/arm-none-eabi/10.3.1/thumb/v6-m/nofp/crtbegin.o
 .text          0x0000000008000104       0x14 c:/st/stm32cubeide_1.8.0/stm32cubeide/plugins/com.st.stm32cube.ide.mcu.externaltools.gnu-tools-for-stm32.10.3-2021.10.win32_1.0.0.202111181127/tools/bin/../lib/gcc/arm-none-eabi/10.3.1/thumb/v6-m/nofp\libgcc.a(_thumb1_case_shi.o)
                0x0000000008000104                __gnu_thumb1_case_shi
 .text          0x0000000008000118      0x114 c:/st/stm32cubeide_1.8.0/stm32cubeide/plugins/com.st.stm32cube.ide.mcu.externaltools.gnu-tools-for-stm32.10.3-2021.10.win32_1.0.0.202111181127/tools/bin/../lib/gcc/arm-none-eabi/10.3.1/thumb/v6-m/nofp\libgcc.a(_udivsi3.o)
                0x0000000008000118                __aeabi_uidiv
                0x0000000008000118                __udivsi3
                0x0000000008000224                __aeabi_uidivmod
 .text          0x000000000800022c      0x1d4 c:/st/stm32cubeide_1.8.0/stm32cubeide/plugins/com.st.stm32cube.ide.mcu.externaltools.gnu-tools-for-stm32.10.3-2021.10.win32_1.0.0.202111181127/tools/bin/../lib/gcc/arm-none-eabi/10.3.1/thumb/v6-m/nofp\libgcc.a(_divsi3.o)
                0x000000000800022c                __divsi3
                0x000000000800022c                __aeabi_idiv
                0x00000000080003f8                __aeabi_idivmod
 .text          0x0000000008000400        0x4 c:/st/stm32cubeide_1.8.0/stm32cubeide/plugins/com.st.stm32cube.ide.mcu.externaltools.gnu-tools-for-stm32.10.3-2021.10.win32_1.0.0.202111181127/tools/bin/../lib/gcc/arm-none-eabi/10.3.1/thumb/v6-m/nofp\libgcc.a(_dvmd_tls.o)
                0x0000000008000400                __aeabi_idiv0
                0x0000000008000400                __aeabi_ldiv0
 .text          0x0000000008000404       0x40 c:/st/stm32cubeide_1.8.0/stm32cubeide/plugins/com.st.stm32cube.ide.mcu.externaltools.gnu-tools-for-stm32.10.3-2021.10.win32_1.0.0.202111181127/tools/bin/../lib/gcc/arm-none-eabi/10.3.1/thumb/v6-m/nofp\libgcc.a(_aeabi_uldivmod.o)
                0x0000000008000404                __aeabi_uldivmod
 .text          0x0000000008000444      0x198 c:/st/stm32cubeide_1.8.0/stm32cubeide/plugins/com.st.stm32cube.ide.mcu.externaltools.gnu-tools-for-stm32.10.3-2021.10.win32_1.0.0.202111181127/tools/bin/../lib/gcc/arm-none-eabi/10.3.1/thumb/v6-m/nofp\libgcc.a(_udivmoddi4.o)
                0x0000000008000444                __udivmoddi4
 .text          0x00000000080005dc       0x18 c:/st/stm32cubeide_1.8.0/stm32cubeide/plugins/com.st.stm32cube.ide.mcu.externaltools.gnu-tools-for-stm32.10.3-2021.10.win32_1.0.0.202111181127/tools/bin/../lib/gcc/arm-none-eabi/10.3.1/thumb/v6-m/nofp\libgcc.a(_clzdi2.o)
                0x00000000080005dc                __clzdi2
 .text          0x00000000080005f4       0x3c c:/st/stm32cubeide_1.8.0/stm32cubeide/plugins/com.st.stm32cube.ide.mcu.externaltools.gnu-tools-for-stm32.10.3-2021.10.win32_1.0.0.202111181127/tools/bin/../lib/gcc/arm-none-eabi/10.3.1/thumb/v6-m/nofp\libgcc.a(_clzsi2.o)
                0x00000000080005f4                __clzsi2
 *(.text*)
 .text.main     0x0000000008000630      0x140 Core\Src\main.o
                0x0000000008000630                main
 .text.SystemClock_Config
                0x0000000008000770       0x90 Core\Src\main.o
                0x0000000008000770                SystemClock_Config
 .text.MX_ADC1_Init
                0x0000000008000800      0x20c Core\Src\main.o
 .text.MX_I2C1_Init
                0x0000000008000a0c       0x80 Core\Src\main.o
 .text.MX_USART1_UART_Init
                0x0000000008000a8c       0x9c Core\Src\main.o
 .text.MX_DMA_Init
                0x0000000008000b28       0x3c Core\Src\main.o
 .text.MX_GPIO_Init
                0x0000000008000b64      0x178 Core\Src\main.o
 .text.Error_Handler
                0x0000000008000cdc        0xa Core\Src\main.o
                0x0000000008000cdc                Error_Handler
 *fill*         0x0000000008000ce6        0x2 
 .text.HAL_MspInit
                0x0000000008000ce8       0x48 Core\Src\stm32g0xx_hal_msp.o
                0x0000000008000ce8                HAL_MspInit
 .text.HAL_ADC_MspInit
                0x0000000008000d30      0x154 Core\Src\stm32g0xx_hal_msp.o
                0x0000000008000d30                HAL_ADC_MspInit
 .text.HAL_I2C_MspInit
                0x0000000008000e84       0xc4 Core\Src\stm32g0xx_hal_msp.o
                0x0000000008000e84                HAL_I2C_MspInit
 .text.HAL_UART_MspInit
                0x0000000008000f48       0xd4 Core\Src\stm32g0xx_hal_msp.o
                0x0000000008000f48                HAL_UART_MspInit
 .text.NMI_Handler
                0x000000000800101c        0x6 Core\Src\stm32g0xx_it.o
                0x000000000800101c                NMI_Handler
 .text.HardFault_Handler
                0x0000000008001022        0x6 Core\Src\stm32g0xx_it.o
                0x0000000008001022                HardFault_Handler
 .text.SVC_Handler
                0x0000000008001028        0xa Core\Src\stm32g0xx_it.o
                0x0000000008001028                SVC_Handler
 .text.PendSV_Handler
                0x0000000008001032        0xa Core\Src\stm32g0xx_it.o
                0x0000000008001032                PendSV_Handler
 .text.SysTick_Handler
                0x000000000800103c        0xe Core\Src\stm32g0xx_it.o
                0x000000000800103c                SysTick_Handler
 *fill*         0x000000000800104a        0x2 
 .text.DMA1_Channel1_IRQHandler
                0x000000000800104c       0x18 Core\Src\stm32g0xx_it.o
                0x000000000800104c                DMA1_Channel1_IRQHandler
 .text.USART1_IRQHandler
                0x0000000008001064       0x18 Core\Src\stm32g0xx_it.o
                0x0000000008001064                USART1_IRQHandler
 .text._sbrk    0x000000000800107c       0x6c Core\Src\sysmem.o
                0x000000000800107c                _sbrk
 .text.SystemInit
                0x00000000080010e8        0xa Core\Src\system_stm32g0xx.o
                0x00000000080010e8                SystemInit
 *fill*         0x00000000080010f2        0x2 
 .text.Reset_Handler
                0x00000000080010f4       0x50 Core\Startup\startup_stm32g031c8ux.o
                0x00000000080010f4                Reset_Handler
 .text.Default_Handler
                0x0000000008001144        0x2 Core\Startup\startup_stm32g031c8ux.o
                0x0000000008001144                TIM1_CC_IRQHandler
                0x0000000008001144                PVD_IRQHandler
                0x0000000008001144                I2C1_IRQHandler
                0x0000000008001144                LPTIM2_IRQHandler
                0x0000000008001144                RTC_TAMP_IRQHandler
                0x0000000008001144                SPI1_IRQHandler
                0x0000000008001144                DMA1_Ch4_5_DMAMUX1_OVR_IRQHandler
                0x0000000008001144                EXTI2_3_IRQHandler
                0x0000000008001144                ADC1_IRQHandler
                0x0000000008001144                I2C2_IRQHandler
                0x0000000008001144                TIM17_IRQHandler
                0x0000000008001144                TIM16_IRQHandler
                0x0000000008001144                TIM3_IRQHandler
                0x0000000008001144                EXTI4_15_IRQHandler
                0x0000000008001144                RCC_IRQHandler
                0x0000000008001144                Default_Handler
                0x0000000008001144                TIM14_IRQHandler
                0x0000000008001144                EXTI0_1_IRQHandler
                0x0000000008001144                SPI2_IRQHandler
                0x0000000008001144                WWDG_IRQHandler
                0x0000000008001144                LPUART1_IRQHandler
                0x0000000008001144                TIM2_IRQHandler
                0x0000000008001144                DMA1_Channel2_3_IRQHandler
                0x0000000008001144                USART2_IRQHandler
                0x0000000008001144                FLASH_IRQHandler
                0x0000000008001144                TIM1_BRK_UP_TRG_COM_IRQHandler
                0x0000000008001144                LPTIM1_IRQHandler
 .text.stm32_lock_acquire
                0x0000000008001146       0x76 Core\ThreadSafe\newlib_lock_glue.o
 .text.stm32_lock_release
                0x00000000080011bc       0x52 Core\ThreadSafe\newlib_lock_glue.o
 .text.__retarget_lock_acquire_recursive
                0x000000000800120e       0x28 Core\ThreadSafe\newlib_lock_glue.o
                0x000000000800120e                __retarget_lock_acquire_recursive
 .text.__retarget_lock_release_recursive
                0x0000000008001236       0x28 Core\ThreadSafe\newlib_lock_glue.o
                0x0000000008001236                __retarget_lock_release_recursive
 *fill*         0x000000000800125e        0x2 
 .text.HAL_Init
                0x0000000008001260       0x40 Drivers\STM32G0xx_HAL_Driver\stm32g0xx_hal.o
                0x0000000008001260                HAL_Init
 .text.HAL_InitTick
                0x00000000080012a0       0x94 Drivers\STM32G0xx_HAL_Driver\stm32g0xx_hal.o
                0x00000000080012a0                HAL_InitTick
 .text.HAL_IncTick
                0x0000000008001334       0x24 Drivers\STM32G0xx_HAL_Driver\stm32g0xx_hal.o
                0x0000000008001334                HAL_IncTick
 .text.HAL_GetTick
                0x0000000008001358       0x14 Drivers\STM32G0xx_HAL_Driver\stm32g0xx_hal.o
                0x0000000008001358                HAL_GetTick
 .text.HAL_Delay
                0x000000000800136c       0x48 Drivers\STM32G0xx_HAL_Driver\stm32g0xx_hal.o
                0x000000000800136c                HAL_Delay
 .text.LL_ADC_SetCommonPathInternalCh
                0x00000000080013b4       0x28 Drivers\STM32G0xx_HAL_Driver\stm32g0xx_hal_adc.o
 .text.LL_ADC_GetCommonPathInternalCh
                0x00000000080013dc       0x1a Drivers\STM32G0xx_HAL_Driver\stm32g0xx_hal_adc.o
 .text.LL_ADC_SetSamplingTimeCommonChannels
                0x00000000080013f6       0x3a Drivers\STM32G0xx_HAL_Driver\stm32g0xx_hal_adc.o
 .text.LL_ADC_GetSamplingTimeCommonChannels
                0x0000000008001430       0x2e Drivers\STM32G0xx_HAL_Driver\stm32g0xx_hal_adc.o
 .text.LL_ADC_REG_IsTriggerSourceSWStart
                0x000000000800145e       0x22 Drivers\STM32G0xx_HAL_Driver\stm32g0xx_hal_adc.o
 .text.LL_ADC_REG_SetSequencerRanks
                0x0000000008001480       0x40 Drivers\STM32G0xx_HAL_Driver\stm32g0xx_hal_adc.o
 .text.LL_ADC_REG_SetSequencerChAdd
                0x00000000080014c0       0x22 Drivers\STM32G0xx_HAL_Driver\stm32g0xx_hal_adc.o
 .text.LL_ADC_REG_SetSequencerChRem
                0x00000000080014e2       0x24 Drivers\STM32G0xx_HAL_Driver\stm32g0xx_hal_adc.o
 *fill*         0x0000000008001506        0x2 
 .text.LL_ADC_SetChannelSamplingTime
                0x0000000008001508       0x38 Drivers\STM32G0xx_HAL_Driver\stm32g0xx_hal_adc.o
 .text.LL_ADC_EnableInternalRegulator
                0x0000000008001540       0x28 Drivers\STM32G0xx_HAL_Driver\stm32g0xx_hal_adc.o
 .text.LL_ADC_IsInternalRegulatorEnabled
                0x0000000008001568       0x28 Drivers\STM32G0xx_HAL_Driver\stm32g0xx_hal_adc.o
 .text.LL_ADC_Enable
                0x0000000008001590       0x24 Drivers\STM32G0xx_HAL_Driver\stm32g0xx_hal_adc.o
 .text.LL_ADC_Disable
                0x00000000080015b4       0x24 Drivers\STM32G0xx_HAL_Driver\stm32g0xx_hal_adc.o
 .text.LL_ADC_IsEnabled
                0x00000000080015d8       0x22 Drivers\STM32G0xx_HAL_Driver\stm32g0xx_hal_adc.o
 *fill*         0x00000000080015fa        0x2 
 .text.LL_ADC_REG_StartConversion
                0x00000000080015fc       0x24 Drivers\STM32G0xx_HAL_Driver\stm32g0xx_hal_adc.o
 .text.LL_ADC_REG_IsConversionOngoing
                0x0000000008001620       0x22 Drivers\STM32G0xx_HAL_Driver\stm32g0xx_hal_adc.o
 *fill*         0x0000000008001642        0x2 
 .text.HAL_ADC_Init
                0x0000000008001644      0x350 Drivers\STM32G0xx_HAL_Driver\stm32g0xx_hal_adc.o
                0x0000000008001644                HAL_ADC_Init
 .text.HAL_ADC_Start_DMA
                0x0000000008001994      0x11c Drivers\STM32G0xx_HAL_Driver\stm32g0xx_hal_adc.o
                0x0000000008001994                HAL_ADC_Start_DMA
 .text.HAL_ADC_ConvCpltCallback
                0x0000000008001ab0       0x10 Drivers\STM32G0xx_HAL_Driver\stm32g0xx_hal_adc.o
                0x0000000008001ab0                HAL_ADC_ConvCpltCallback
 .text.HAL_ADC_ConvHalfCpltCallback
                0x0000000008001ac0       0x10 Drivers\STM32G0xx_HAL_Driver\stm32g0xx_hal_adc.o
                0x0000000008001ac0                HAL_ADC_ConvHalfCpltCallback
 .text.HAL_ADC_ErrorCallback
                0x0000000008001ad0       0x10 Drivers\STM32G0xx_HAL_Driver\stm32g0xx_hal_adc.o
                0x0000000008001ad0                HAL_ADC_ErrorCallback
 .text.HAL_ADC_ConfigChannel
                0x0000000008001ae0      0x3b0 Drivers\STM32G0xx_HAL_Driver\stm32g0xx_hal_adc.o
                0x0000000008001ae0                HAL_ADC_ConfigChannel
 .text.ADC_Enable
                0x0000000008001e90      0x10c Drivers\STM32G0xx_HAL_Driver\stm32g0xx_hal_adc.o
                0x0000000008001e90                ADC_Enable
 .text.ADC_DMAConvCplt
                0x0000000008001f9c       0xc8 Drivers\STM32G0xx_HAL_Driver\stm32g0xx_hal_adc.o
 .text.ADC_DMAHalfConvCplt
                0x0000000008002064       0x1e Drivers\STM32G0xx_HAL_Driver\stm32g0xx_hal_adc.o
 .text.ADC_DMAError
                0x0000000008002082       0x36 Drivers\STM32G0xx_HAL_Driver\stm32g0xx_hal_adc.o
 .text.__NVIC_EnableIRQ
                0x00000000080020b8       0x34 Drivers\STM32G0xx_HAL_Driver\stm32g0xx_hal_cortex.o
 .text.__NVIC_SetPriority
                0x00000000080020ec       0xdc Drivers\STM32G0xx_HAL_Driver\stm32g0xx_hal_cortex.o
 .text.SysTick_Config
                0x00000000080021c8       0x48 Drivers\STM32G0xx_HAL_Driver\stm32g0xx_hal_cortex.o
 .text.HAL_NVIC_SetPriority
                0x0000000008002210       0x2a Drivers\STM32G0xx_HAL_Driver\stm32g0xx_hal_cortex.o
                0x0000000008002210                HAL_NVIC_SetPriority
 .text.HAL_NVIC_EnableIRQ
                0x000000000800223a       0x20 Drivers\STM32G0xx_HAL_Driver\stm32g0xx_hal_cortex.o
                0x000000000800223a                HAL_NVIC_EnableIRQ
 .text.HAL_SYSTICK_Config
                0x000000000800225a       0x1a Drivers\STM32G0xx_HAL_Driver\stm32g0xx_hal_cortex.o
                0x000000000800225a                HAL_SYSTICK_Config
 .text.HAL_DMA_Init
                0x0000000008002274      0x114 Drivers\STM32G0xx_HAL_Driver\stm32g0xx_hal_dma.o
                0x0000000008002274                HAL_DMA_Init
 .text.HAL_DMA_Start_IT
                0x0000000008002388      0x10c Drivers\STM32G0xx_HAL_Driver\stm32g0xx_hal_dma.o
                0x0000000008002388                HAL_DMA_Start_IT
 .text.HAL_DMA_Abort
                0x0000000008002494       0xc4 Drivers\STM32G0xx_HAL_Driver\stm32g0xx_hal_dma.o
                0x0000000008002494                HAL_DMA_Abort
 .text.HAL_DMA_Abort_IT
                0x0000000008002558       0xd4 Drivers\STM32G0xx_HAL_Driver\stm32g0xx_hal_dma.o
                0x0000000008002558                HAL_DMA_Abort_IT
 .text.HAL_DMA_IRQHandler
                0x000000000800262c      0x164 Drivers\STM32G0xx_HAL_Driver\stm32g0xx_hal_dma.o
                0x000000000800262c                HAL_DMA_IRQHandler
 .text.DMA_SetConfig
                0x0000000008002790       0x80 Drivers\STM32G0xx_HAL_Driver\stm32g0xx_hal_dma.o
 .text.DMA_CalcDMAMUXChannelBaseAndMask
                0x0000000008002810       0x58 Drivers\STM32G0xx_HAL_Driver\stm32g0xx_hal_dma.o
 .text.DMA_CalcDMAMUXRequestGenBaseAndMask
                0x0000000008002868       0x48 Drivers\STM32G0xx_HAL_Driver\stm32g0xx_hal_dma.o
 .text.HAL_GPIO_Init
                0x00000000080028b0      0x2c8 Drivers\STM32G0xx_HAL_Driver\stm32g0xx_hal_gpio.o
                0x00000000080028b0                HAL_GPIO_Init
 .text.HAL_GPIO_ReadPin
                0x0000000008002b78       0x3a Drivers\STM32G0xx_HAL_Driver\stm32g0xx_hal_gpio.o
                0x0000000008002b78                HAL_GPIO_ReadPin
 .text.HAL_GPIO_WritePin
                0x0000000008002bb2       0x3a Drivers\STM32G0xx_HAL_Driver\stm32g0xx_hal_gpio.o
                0x0000000008002bb2                HAL_GPIO_WritePin
 .text.HAL_GPIO_TogglePin
                0x0000000008002bec       0x36 Drivers\STM32G0xx_HAL_Driver\stm32g0xx_hal_gpio.o
                0x0000000008002bec                HAL_GPIO_TogglePin
 *fill*         0x0000000008002c22        0x2 
 .text.HAL_I2C_Init
                0x0000000008002c24      0x12c Drivers\STM32G0xx_HAL_Driver\stm32g0xx_hal_i2c.o
                0x0000000008002c24                HAL_I2C_Init
 .text.HAL_I2CEx_ConfigAnalogFilter
                0x0000000008002d50       0x98 Drivers\STM32G0xx_HAL_Driver\stm32g0xx_hal_i2c_ex.o
                0x0000000008002d50                HAL_I2CEx_ConfigAnalogFilter
 .text.HAL_I2CEx_ConfigDigitalFilter
                0x0000000008002de8       0x98 Drivers\STM32G0xx_HAL_Driver\stm32g0xx_hal_i2c_ex.o
                0x0000000008002de8                HAL_I2CEx_ConfigDigitalFilter
 .text.HAL_PWREx_ControlVoltageScaling
                0x0000000008002e80       0x80 Drivers\STM32G0xx_HAL_Driver\stm32g0xx_hal_pwr_ex.o
                0x0000000008002e80                HAL_PWREx_ControlVoltageScaling
 .text.LL_RCC_GetAPB1Prescaler
                0x0000000008002f00       0x18 Drivers\STM32G0xx_HAL_Driver\stm32g0xx_hal_rcc.o
 .text.HAL_RCC_OscConfig
                0x0000000008002f18      0x634 Drivers\STM32G0xx_HAL_Driver\stm32g0xx_hal_rcc.o
                0x0000000008002f18                HAL_RCC_OscConfig
 .text.HAL_RCC_ClockConfig
                0x000000000800354c      0x210 Drivers\STM32G0xx_HAL_Driver\stm32g0xx_hal_rcc.o
                0x000000000800354c                HAL_RCC_ClockConfig
 .text.HAL_RCC_GetSysClockFreq
                0x000000000800375c      0x104 Drivers\STM32G0xx_HAL_Driver\stm32g0xx_hal_rcc.o
                0x000000000800375c                HAL_RCC_GetSysClockFreq
 .text.HAL_RCC_GetHCLKFreq
                0x0000000008003860       0x14 Drivers\STM32G0xx_HAL_Driver\stm32g0xx_hal_rcc.o
                0x0000000008003860                HAL_RCC_GetHCLKFreq
 .text.HAL_RCC_GetPCLK1Freq
                0x0000000008003874       0x2c Drivers\STM32G0xx_HAL_Driver\stm32g0xx_hal_rcc.o
                0x0000000008003874                HAL_RCC_GetPCLK1Freq
 .text.HAL_RCCEx_PeriphCLKConfig
                0x00000000080038a0      0x2f4 Drivers\STM32G0xx_HAL_Driver\stm32g0xx_hal_rcc_ex.o
                0x00000000080038a0                HAL_RCCEx_PeriphCLKConfig
 .text.HAL_UART_Init
                0x0000000008003b94       0xac Drivers\STM32G0xx_HAL_Driver\stm32g0xx_hal_uart.o
                0x0000000008003b94                HAL_UART_Init
 .text.HAL_UART_Transmit_IT
                0x0000000008003c40      0x178 Drivers\STM32G0xx_HAL_Driver\stm32g0xx_hal_uart.o
                0x0000000008003c40                HAL_UART_Transmit_IT
 .text.HAL_UART_IRQHandler
                0x0000000008003db8      0x634 Drivers\STM32G0xx_HAL_Driver\stm32g0xx_hal_uart.o
                0x0000000008003db8                HAL_UART_IRQHandler
 .text.HAL_UART_TxCpltCallback
                0x00000000080043ec       0x10 Drivers\STM32G0xx_HAL_Driver\stm32g0xx_hal_uart.o
                0x00000000080043ec                HAL_UART_TxCpltCallback
 .text.HAL_UART_ErrorCallback
                0x00000000080043fc       0x10 Drivers\STM32G0xx_HAL_Driver\stm32g0xx_hal_uart.o
                0x00000000080043fc                HAL_UART_ErrorCallback
 .text.HAL_UARTEx_RxEventCallback
                0x000000000800440c       0x16 Drivers\STM32G0xx_HAL_Driver\stm32g0xx_hal_uart.o
                0x000000000800440c                HAL_UARTEx_RxEventCallback
 *fill*         0x0000000008004422        0x2 
 .text.UART_SetConfig
                0x0000000008004424      0x4f0 Drivers\STM32G0xx_HAL_Driver\stm32g0xx_hal_uart.o
                0x0000000008004424                UART_SetConfig
 .text.UART_AdvFeatureConfig
                0x0000000008004914      0x168 Drivers\STM32G0xx_HAL_Driver\stm32g0xx_hal_uart.o
                0x0000000008004914                UART_AdvFeatureConfig
 .text.UART_CheckIdleState
                0x0000000008004a7c       0x94 Drivers\STM32G0xx_HAL_Driver\stm32g0xx_hal_uart.o
                0x0000000008004a7c                UART_CheckIdleState
 .text.UART_WaitOnFlagUntilTimeout
                0x0000000008004b10      0x190 Drivers\STM32G0xx_HAL_Driver\stm32g0xx_hal_uart.o
                0x0000000008004b10                UART_WaitOnFlagUntilTimeout
 .text.UART_EndRxTransfer
                0x0000000008004ca0       0xcc Drivers\STM32G0xx_HAL_Driver\stm32g0xx_hal_uart.o
 .text.UART_DMAAbortOnError
                0x0000000008004d6c       0x2e Drivers\STM32G0xx_HAL_Driver\stm32g0xx_hal_uart.o
 .text.UART_TxISR_8BIT
                0x0000000008004d9a       0xb4 Drivers\STM32G0xx_HAL_Driver\stm32g0xx_hal_uart.o
 .text.UART_TxISR_16BIT
                0x0000000008004e4e       0xbe Drivers\STM32G0xx_HAL_Driver\stm32g0xx_hal_uart.o
 .text.UART_TxISR_8BIT_FIFOEN
                0x0000000008004f0c       0xec Drivers\STM32G0xx_HAL_Driver\stm32g0xx_hal_uart.o
 .text.UART_TxISR_16BIT_FIFOEN
                0x0000000008004ff8       0xf4 Drivers\STM32G0xx_HAL_Driver\stm32g0xx_hal_uart.o
 .text.UART_EndTransmit_IT
                0x00000000080050ec       0x58 Drivers\STM32G0xx_HAL_Driver\stm32g0xx_hal_uart.o
 .text.HAL_UARTEx_WakeupCallback
                0x0000000008005144       0x10 Drivers\STM32G0xx_HAL_Driver\stm32g0xx_hal_uart_ex.o
                0x0000000008005144                HAL_UARTEx_WakeupCallback
 .text.HAL_UARTEx_RxFifoFullCallback
                0x0000000008005154       0x10 Drivers\STM32G0xx_HAL_Driver\stm32g0xx_hal_uart_ex.o
                0x0000000008005154                HAL_UARTEx_RxFifoFullCallback
 .text.HAL_UARTEx_TxFifoEmptyCallback
                0x0000000008005164       0x10 Drivers\STM32G0xx_HAL_Driver\stm32g0xx_hal_uart_ex.o
                0x0000000008005164                HAL_UARTEx_TxFifoEmptyCallback
 .text.HAL_UARTEx_DisableFifoMode
                0x0000000008005174       0x74 Drivers\STM32G0xx_HAL_Driver\stm32g0xx_hal_uart_ex.o
                0x0000000008005174                HAL_UARTEx_DisableFifoMode
 .text.HAL_UARTEx_SetTxFifoThreshold
                0x00000000080051e8       0x7e Drivers\STM32G0xx_HAL_Driver\stm32g0xx_hal_uart_ex.o
                0x00000000080051e8                HAL_UARTEx_SetTxFifoThreshold
 *fill*         0x0000000008005266        0x2 
 .text.HAL_UARTEx_SetRxFifoThreshold
                0x0000000008005268       0x84 Drivers\STM32G0xx_HAL_Driver\stm32g0xx_hal_uart_ex.o
                0x0000000008005268                HAL_UARTEx_SetRxFifoThreshold
 .text.UARTEx_SetNbDataToProcess
                0x00000000080052ec       0xbc Drivers\STM32G0xx_HAL_Driver\stm32g0xx_hal_uart_ex.o
 .text.__errno  0x00000000080053a8        0xc c:/st/stm32cubeide_1.8.0/stm32cubeide/plugins/com.st.stm32cube.ide.mcu.externaltools.gnu-tools-for-stm32.10.3-2021.10.win32_1.0.0.202111181127/tools/bin/../lib/gcc/arm-none-eabi/10.3.1/../../../../arm-none-eabi/lib/thumb/v6-m/nofp\libc_nano.a(lib_a-errno.o)
                0x00000000080053a8                __errno
 .text.__libc_init_array
                0x00000000080053b4       0x48 c:/st/stm32cubeide_1.8.0/stm32cubeide/plugins/com.st.stm32cube.ide.mcu.externaltools.gnu-tools-for-stm32.10.3-2021.10.win32_1.0.0.202111181127/tools/bin/../lib/gcc/arm-none-eabi/10.3.1/../../../../arm-none-eabi/lib/thumb/v6-m/nofp\libc_nano.a(lib_a-init.o)
                0x00000000080053b4                __libc_init_array
 .text.memset   0x00000000080053fc       0x10 c:/st/stm32cubeide_1.8.0/stm32cubeide/plugins/com.st.stm32cube.ide.mcu.externaltools.gnu-tools-for-stm32.10.3-2021.10.win32_1.0.0.202111181127/tools/bin/../lib/gcc/arm-none-eabi/10.3.1/../../../../arm-none-eabi/lib/thumb/v6-m/nofp\libc_nano.a(lib_a-memset.o)
                0x00000000080053fc                memset
 .text._free_r  0x000000000800540c       0x94 c:/st/stm32cubeide_1.8.0/stm32cubeide/plugins/com.st.stm32cube.ide.mcu.externaltools.gnu-tools-for-stm32.10.3-2021.10.win32_1.0.0.202111181127/tools/bin/../lib/gcc/arm-none-eabi/10.3.1/../../../../arm-none-eabi/lib/thumb/v6-m/nofp\libc_nano.a(lib_a-nano-freer.o)
                0x000000000800540c                _free_r
 .text.sbrk_aligned
                0x00000000080054a0       0x44 c:/st/stm32cubeide_1.8.0/stm32cubeide/plugins/com.st.stm32cube.ide.mcu.externaltools.gnu-tools-for-stm32.10.3-2021.10.win32_1.0.0.202111181127/tools/bin/../lib/gcc/arm-none-eabi/10.3.1/../../../../arm-none-eabi/lib/thumb/v6-m/nofp\libc_nano.a(lib_a-nano-mallocr.o)
 .text._malloc_r
                0x00000000080054e4       0xec c:/st/stm32cubeide_1.8.0/stm32cubeide/plugins/com.st.stm32cube.ide.mcu.externaltools.gnu-tools-for-stm32.10.3-2021.10.win32_1.0.0.202111181127/tools/bin/../lib/gcc/arm-none-eabi/10.3.1/../../../../arm-none-eabi/lib/thumb/v6-m/nofp\libc_nano.a(lib_a-nano-mallocr.o)
                0x00000000080054e4                _malloc_r
 .text._sbrk_r  0x00000000080055d0       0x24 c:/st/stm32cubeide_1.8.0/stm32cubeide/plugins/com.st.stm32cube.ide.mcu.externaltools.gnu-tools-for-stm32.10.3-2021.10.win32_1.0.0.202111181127/tools/bin/../lib/gcc/arm-none-eabi/10.3.1/../../../../arm-none-eabi/lib/thumb/v6-m/nofp\libc_nano.a(lib_a-sbrkr.o)
                0x00000000080055d0                _sbrk_r
 .text.sprintf  0x00000000080055f4       0x40 c:/st/stm32cubeide_1.8.0/stm32cubeide/plugins/com.st.stm32cube.ide.mcu.externaltools.gnu-tools-for-stm32.10.3-2021.10.win32_1.0.0.202111181127/tools/bin/../lib/gcc/arm-none-eabi/10.3.1/../../../../arm-none-eabi/lib/thumb/v6-m/nofp\libc_nano.a(lib_a-sprintf.o)
                0x00000000080055f4                siprintf
                0x00000000080055f4                sprintf
 .text.__malloc_lock
                0x0000000008005634       0x10 c:/st/stm32cubeide_1.8.0/stm32cubeide/plugins/com.st.stm32cube.ide.mcu.externaltools.gnu-tools-for-stm32.10.3-2021.10.win32_1.0.0.202111181127/tools/bin/../lib/gcc/arm-none-eabi/10.3.1/../../../../arm-none-eabi/lib/thumb/v6-m/nofp\libc_nano.a(lib_a-mlock.o)
                0x0000000008005634                __malloc_lock
 .text.__malloc_unlock
                0x0000000008005644       0x10 c:/st/stm32cubeide_1.8.0/stm32cubeide/plugins/com.st.stm32cube.ide.mcu.externaltools.gnu-tools-for-stm32.10.3-2021.10.win32_1.0.0.202111181127/tools/bin/../lib/gcc/arm-none-eabi/10.3.1/../../../../arm-none-eabi/lib/thumb/v6-m/nofp\libc_nano.a(lib_a-mlock.o)
                0x0000000008005644                __malloc_unlock
 .text.__ssputs_r
                0x0000000008005654       0xc4 c:/st/stm32cubeide_1.8.0/stm32cubeide/plugins/com.st.stm32cube.ide.mcu.externaltools.gnu-tools-for-stm32.10.3-2021.10.win32_1.0.0.202111181127/tools/bin/../lib/gcc/arm-none-eabi/10.3.1/../../../../arm-none-eabi/lib/thumb/v6-m/nofp\libc_nano.a(lib_a-nano-svfprintf.o)
                0x0000000008005654                __ssputs_r
 .text._svfprintf_r
                0x0000000008005718      0x200 c:/st/stm32cubeide_1.8.0/stm32cubeide/plugins/com.st.stm32cube.ide.mcu.externaltools.gnu-tools-for-stm32.10.3-2021.10.win32_1.0.0.202111181127/tools/bin/../lib/gcc/arm-none-eabi/10.3.1/../../../../arm-none-eabi/lib/thumb/v6-m/nofp\libc_nano.a(lib_a-nano-svfprintf.o)
                0x0000000008005718                _svfiprintf_r
                0x0000000008005718                _svfprintf_r
 .text._printf_common
                0x0000000008005918       0xde c:/st/stm32cubeide_1.8.0/stm32cubeide/plugins/com.st.stm32cube.ide.mcu.externaltools.gnu-tools-for-stm32.10.3-2021.10.win32_1.0.0.202111181127/tools/bin/../lib/gcc/arm-none-eabi/10.3.1/../../../../arm-none-eabi/lib/thumb/v6-m/nofp\libc_nano.a(lib_a-nano-vfprintf_i.o)
                0x0000000008005918                _printf_common
 *fill*         0x00000000080059f6        0x2 
 .text._printf_i
                0x00000000080059f8      0x224 c:/st/stm32cubeide_1.8.0/stm32cubeide/plugins/com.st.stm32cube.ide.mcu.externaltools.gnu-tools-for-stm32.10.3-2021.10.win32_1.0.0.202111181127/tools/bin/../lib/gcc/arm-none-eabi/10.3.1/../../../../arm-none-eabi/lib/thumb/v6-m/nofp\libc_nano.a(lib_a-nano-vfprintf_i.o)
                0x00000000080059f8                _printf_i
 .text.memchr   0x0000000008005c1c       0x16 c:/st/stm32cubeide_1.8.0/stm32cubeide/plugins/com.st.stm32cube.ide.mcu.externaltools.gnu-tools-for-stm32.10.3-2021.10.win32_1.0.0.202111181127/tools/bin/../lib/gcc/arm-none-eabi/10.3.1/../../../../arm-none-eabi/lib/thumb/v6-m/nofp\libc_nano.a(lib_a-memchr-stub.o)
                0x0000000008005c1c                memchr
 .text.memcpy   0x0000000008005c32       0x12 c:/st/stm32cubeide_1.8.0/stm32cubeide/plugins/com.st.stm32cube.ide.mcu.externaltools.gnu-tools-for-stm32.10.3-2021.10.win32_1.0.0.202111181127/tools/bin/../lib/gcc/arm-none-eabi/10.3.1/../../../../arm-none-eabi/lib/thumb/v6-m/nofp\libc_nano.a(lib_a-memcpy-stub.o)
                0x0000000008005c32                memcpy
 .text.memmove  0x0000000008005c44       0x26 c:/st/stm32cubeide_1.8.0/stm32cubeide/plugins/com.st.stm32cube.ide.mcu.externaltools.gnu-tools-for-stm32.10.3-2021.10.win32_1.0.0.202111181127/tools/bin/../lib/gcc/arm-none-eabi/10.3.1/../../../../arm-none-eabi/lib/thumb/v6-m/nofp\libc_nano.a(lib_a-memmove.o)
                0x0000000008005c44                memmove
 .text._realloc_r
                0x0000000008005c6a       0x5e c:/st/stm32cubeide_1.8.0/stm32cubeide/plugins/com.st.stm32cube.ide.mcu.externaltools.gnu-tools-for-stm32.10.3-2021.10.win32_1.0.0.202111181127/tools/bin/../lib/gcc/arm-none-eabi/10.3.1/../../../../arm-none-eabi/lib/thumb/v6-m/nofp\libc_nano.a(lib_a-nano-reallocr.o)
                0x0000000008005c6a                _realloc_r
 .text._malloc_usable_size_r
                0x0000000008005cc8       0x10 c:/st/stm32cubeide_1.8.0/stm32cubeide/plugins/com.st.stm32cube.ide.mcu.externaltools.gnu-tools-for-stm32.10.3-2021.10.win32_1.0.0.202111181127/tools/bin/../lib/gcc/arm-none-eabi/10.3.1/../../../../arm-none-eabi/lib/thumb/v6-m/nofp\libc_nano.a(lib_a-nano-msizer.o)
                0x0000000008005cc8                _malloc_usable_size_r
 *(.glue_7)
 .glue_7        0x0000000008005cd8        0x0 linker stubs
 *(.glue_7t)
 .glue_7t       0x0000000008005cd8        0x0 linker stubs
 *(.eh_frame)
 .eh_frame      0x0000000008005cd8        0x0 c:/st/stm32cubeide_1.8.0/stm32cubeide/plugins/com.st.stm32cube.ide.mcu.externaltools.gnu-tools-for-stm32.10.3-2021.10.win32_1.0.0.202111181127/tools/bin/../lib/gcc/arm-none-eabi/10.3.1/thumb/v6-m/nofp/crtbegin.o
 *(.init)
 .init          0x0000000008005cd8        0x4 c:/st/stm32cubeide_1.8.0/stm32cubeide/plugins/com.st.stm32cube.ide.mcu.externaltools.gnu-tools-for-stm32.10.3-2021.10.win32_1.0.0.202111181127/tools/bin/../lib/gcc/arm-none-eabi/10.3.1/thumb/v6-m/nofp/crti.o
                0x0000000008005cd8                _init
 .init          0x0000000008005cdc        0x8 c:/st/stm32cubeide_1.8.0/stm32cubeide/plugins/com.st.stm32cube.ide.mcu.externaltools.gnu-tools-for-stm32.10.3-2021.10.win32_1.0.0.202111181127/tools/bin/../lib/gcc/arm-none-eabi/10.3.1/thumb/v6-m/nofp/crtn.o
 *(.fini)
 .fini          0x0000000008005ce4        0x4 c:/st/stm32cubeide_1.8.0/stm32cubeide/plugins/com.st.stm32cube.ide.mcu.externaltools.gnu-tools-for-stm32.10.3-2021.10.win32_1.0.0.202111181127/tools/bin/../lib/gcc/arm-none-eabi/10.3.1/thumb/v6-m/nofp/crti.o
                0x0000000008005ce4                _fini
 .fini          0x0000000008005ce8        0x8 c:/st/stm32cubeide_1.8.0/stm32cubeide/plugins/com.st.stm32cube.ide.mcu.externaltools.gnu-tools-for-stm32.10.3-2021.10.win32_1.0.0.202111181127/tools/bin/../lib/gcc/arm-none-eabi/10.3.1/thumb/v6-m/nofp/crtn.o
                0x0000000008005cf0                . = ALIGN (0x4)
                0x0000000008005cf0                _etext = .

.vfp11_veneer   0x0000000008005cf0        0x0
 .vfp11_veneer  0x0000000008005cf0        0x0 linker stubs

.v4_bx          0x0000000008005cf0        0x0
 .v4_bx         0x0000000008005cf0        0x0 linker stubs

.iplt           0x0000000008005cf0        0x0
 .iplt          0x0000000008005cf0        0x0 c:/st/stm32cubeide_1.8.0/stm32cubeide/plugins/com.st.stm32cube.ide.mcu.externaltools.gnu-tools-for-stm32.10.3-2021.10.win32_1.0.0.202111181127/tools/bin/../lib/gcc/arm-none-eabi/10.3.1/thumb/v6-m/nofp/crtbegin.o

.rodata         0x0000000008005cf0       0xf4
                0x0000000008005cf0                . = ALIGN (0x4)
 *(.rodata)
 .rodata        0x0000000008005cf0       0x37 Core\Src\main.o
 *(.rodata*)
 *fill*         0x0000000008005d27        0x1 
 .rodata.AHBPrescTable
                0x0000000008005d28       0x40 Core\Src\system_stm32g0xx.o
                0x0000000008005d28                AHBPrescTable
 .rodata.APBPrescTable
                0x0000000008005d68       0x20 Core\Src\system_stm32g0xx.o
                0x0000000008005d68                APBPrescTable
 .rodata.UARTPrescTable
                0x0000000008005d88       0x18 Drivers\STM32G0xx_HAL_Driver\stm32g0xx_hal_uart.o
                0x0000000008005d88                UARTPrescTable
 .rodata.numerator.1
                0x0000000008005da0        0x8 Drivers\STM32G0xx_HAL_Driver\stm32g0xx_hal_uart_ex.o
 .rodata.denominator.0
                0x0000000008005da8        0x8 Drivers\STM32G0xx_HAL_Driver\stm32g0xx_hal_uart_ex.o
 .rodata._svfprintf_r.str1.1
                0x0000000008005db0       0x11 c:/st/stm32cubeide_1.8.0/stm32cubeide/plugins/com.st.stm32cube.ide.mcu.externaltools.gnu-tools-for-stm32.10.3-2021.10.win32_1.0.0.202111181127/tools/bin/../lib/gcc/arm-none-eabi/10.3.1/../../../../arm-none-eabi/lib/thumb/v6-m/nofp\libc_nano.a(lib_a-nano-svfprintf.o)
 .rodata._printf_i.str1.1
                0x0000000008005dc1       0x22 c:/st/stm32cubeide_1.8.0/stm32cubeide/plugins/com.st.stm32cube.ide.mcu.externaltools.gnu-tools-for-stm32.10.3-2021.10.win32_1.0.0.202111181127/tools/bin/../lib/gcc/arm-none-eabi/10.3.1/../../../../arm-none-eabi/lib/thumb/v6-m/nofp\libc_nano.a(lib_a-nano-vfprintf_i.o)
                0x0000000008005de4                . = ALIGN (0x4)
 *fill*         0x0000000008005de3        0x1 

.ARM.extab      0x0000000008005de4        0x0
                0x0000000008005de4                . = ALIGN (0x4)
 *(.ARM.extab* .gnu.linkonce.armextab.*)
                0x0000000008005de4                . = ALIGN (0x4)

.ARM            0x0000000008005de4        0x8
                0x0000000008005de4                . = ALIGN (0x4)
                0x0000000008005de4                __exidx_start = .
 *(.ARM.exidx*)
 .ARM.exidx     0x0000000008005de4        0x8 c:/st/stm32cubeide_1.8.0/stm32cubeide/plugins/com.st.stm32cube.ide.mcu.externaltools.gnu-tools-for-stm32.10.3-2021.10.win32_1.0.0.202111181127/tools/bin/../lib/gcc/arm-none-eabi/10.3.1/thumb/v6-m/nofp\libgcc.a(_udivmoddi4.o)
                0x0000000008005dec                __exidx_end = .
                0x0000000008005dec                . = ALIGN (0x4)

.rel.dyn        0x0000000008005dec        0x0
 .rel.iplt      0x0000000008005dec        0x0 c:/st/stm32cubeide_1.8.0/stm32cubeide/plugins/com.st.stm32cube.ide.mcu.externaltools.gnu-tools-for-stm32.10.3-2021.10.win32_1.0.0.202111181127/tools/bin/../lib/gcc/arm-none-eabi/10.3.1/thumb/v6-m/nofp/crtbegin.o

.preinit_array  0x0000000008005dec        0x0
                0x0000000008005dec                . = ALIGN (0x4)
                0x0000000008005dec                PROVIDE (__preinit_array_start = .)
 *(.preinit_array*)
                0x0000000008005dec                PROVIDE (__preinit_array_end = .)
                0x0000000008005dec                . = ALIGN (0x4)

.init_array     0x0000000008005dec        0x4
                0x0000000008005dec                . = ALIGN (0x4)
                0x0000000008005dec                PROVIDE (__init_array_start = .)
 *(SORT_BY_NAME(.init_array.*))
 *(.init_array*)
 .init_array    0x0000000008005dec        0x4 c:/st/stm32cubeide_1.8.0/stm32cubeide/plugins/com.st.stm32cube.ide.mcu.externaltools.gnu-tools-for-stm32.10.3-2021.10.win32_1.0.0.202111181127/tools/bin/../lib/gcc/arm-none-eabi/10.3.1/thumb/v6-m/nofp/crtbegin.o
                0x0000000008005df0                PROVIDE (__init_array_end = .)
                0x0000000008005df0                . = ALIGN (0x4)

.fini_array     0x0000000008005df0        0x4
                0x0000000008005df0                . = ALIGN (0x4)
                [!provide]                        PROVIDE (__fini_array_start = .)
 *(SORT_BY_NAME(.fini_array.*))
 *(.fini_array*)
 .fini_array    0x0000000008005df0        0x4 c:/st/stm32cubeide_1.8.0/stm32cubeide/plugins/com.st.stm32cube.ide.mcu.externaltools.gnu-tools-for-stm32.10.3-2021.10.win32_1.0.0.202111181127/tools/bin/../lib/gcc/arm-none-eabi/10.3.1/thumb/v6-m/nofp/crtbegin.o
                [!provide]                        PROVIDE (__fini_array_end = .)
                0x0000000008005df4                . = ALIGN (0x4)
                0x0000000008005df4                _sidata = LOADADDR (.data)

.data           0x0000000020000000       0x70 load address 0x0000000008005df4
                0x0000000020000000                . = ALIGN (0x4)
                0x0000000020000000                _sdata = .
 *(.data)
 *(.data*)
 .data.SystemCoreClock
                0x0000000020000000        0x4 Core\Src\system_stm32g0xx.o
                0x0000000020000000                SystemCoreClock
 .data.uwTickPrio
                0x0000000020000004        0x4 Drivers\STM32G0xx_HAL_Driver\stm32g0xx_hal.o
                0x0000000020000004                uwTickPrio
 .data.uwTickFreq
                0x0000000020000008        0x1 Drivers\STM32G0xx_HAL_Driver\stm32g0xx_hal.o
                0x0000000020000008                uwTickFreq
 *fill*         0x0000000020000009        0x3 
 .data._impure_ptr
                0x000000002000000c        0x4 c:/st/stm32cubeide_1.8.0/stm32cubeide/plugins/com.st.stm32cube.ide.mcu.externaltools.gnu-tools-for-stm32.10.3-2021.10.win32_1.0.0.202111181127/tools/bin/../lib/gcc/arm-none-eabi/10.3.1/../../../../arm-none-eabi/lib/thumb/v6-m/nofp\libc_nano.a(lib_a-impure.o)
                0x000000002000000c                _impure_ptr
 .data.impure_data
                0x0000000020000010       0x60 c:/st/stm32cubeide_1.8.0/stm32cubeide/plugins/com.st.stm32cube.ide.mcu.externaltools.gnu-tools-for-stm32.10.3-2021.10.win32_1.0.0.202111181127/tools/bin/../lib/gcc/arm-none-eabi/10.3.1/../../../../arm-none-eabi/lib/thumb/v6-m/nofp\libc_nano.a(lib_a-impure.o)
 *(.RamFunc)
 *(.RamFunc*)
                0x0000000020000070                . = ALIGN (0x4)
                0x0000000020000070                _edata = .

.igot.plt       0x0000000020000070        0x0 load address 0x0000000008005e64
 .igot.plt      0x0000000020000070        0x0 c:/st/stm32cubeide_1.8.0/stm32cubeide/plugins/com.st.stm32cube.ide.mcu.externaltools.gnu-tools-for-stm32.10.3-2021.10.win32_1.0.0.202111181127/tools/bin/../lib/gcc/arm-none-eabi/10.3.1/thumb/v6-m/nofp/crtbegin.o
                0x0000000020000070                . = ALIGN (0x4)

.bss            0x0000000020000070      0x200 load address 0x0000000008005e64
                0x0000000020000070                _sbss = .
                0x0000000020000070                __bss_start__ = _sbss
 *(.bss)
 .bss           0x0000000020000070       0x1c c:/st/stm32cubeide_1.8.0/stm32cubeide/plugins/com.st.stm32cube.ide.mcu.externaltools.gnu-tools-for-stm32.10.3-2021.10.win32_1.0.0.202111181127/tools/bin/../lib/gcc/arm-none-eabi/10.3.1/thumb/v6-m/nofp/crtbegin.o
 *(.bss*)
 .bss.counter1  0x000000002000008c        0x4 Core\Src\main.o
                0x000000002000008c                counter1
 .bss.button01  0x0000000020000090        0x4 Core\Src\main.o
                0x0000000020000090                button01
 .bss.adc_value
                0x0000000020000094       0x28 Core\Src\main.o
                0x0000000020000094                adc_value
 .bss.hadc1     0x00000000200000bc       0x64 Core\Src\main.o
                0x00000000200000bc                hadc1
 .bss.hdma_adc1
                0x0000000020000120       0x5c Core\Src\main.o
                0x0000000020000120                hdma_adc1
 .bss.hi2c1     0x000000002000017c       0x4c Core\Src\main.o
                0x000000002000017c                hi2c1
 .bss.huart1    0x00000000200001c8       0x90 Core\Src\main.o
                0x00000000200001c8                huart1
 .bss.__sbrk_heap_end
                0x0000000020000258        0x4 Core\Src\sysmem.o
 .bss.__lock___malloc_recursive_mutex
                0x000000002000025c        0x2 Core\ThreadSafe\newlib_lock_glue.o
                0x000000002000025c                __lock___malloc_recursive_mutex
 *fill*         0x000000002000025e        0x2 
 .bss.uwTick    0x0000000020000260        0x4 Drivers\STM32G0xx_HAL_Driver\stm32g0xx_hal.o
                0x0000000020000260                uwTick
 .bss.__malloc_free_list
                0x0000000020000264        0x4 c:/st/stm32cubeide_1.8.0/stm32cubeide/plugins/com.st.stm32cube.ide.mcu.externaltools.gnu-tools-for-stm32.10.3-2021.10.win32_1.0.0.202111181127/tools/bin/../lib/gcc/arm-none-eabi/10.3.1/../../../../arm-none-eabi/lib/thumb/v6-m/nofp\libc_nano.a(lib_a-nano-mallocr.o)
                0x0000000020000264                __malloc_free_list
 .bss.__malloc_sbrk_start
                0x0000000020000268        0x4 c:/st/stm32cubeide_1.8.0/stm32cubeide/plugins/com.st.stm32cube.ide.mcu.externaltools.gnu-tools-for-stm32.10.3-2021.10.win32_1.0.0.202111181127/tools/bin/../lib/gcc/arm-none-eabi/10.3.1/../../../../arm-none-eabi/lib/thumb/v6-m/nofp\libc_nano.a(lib_a-nano-mallocr.o)
                0x0000000020000268                __malloc_sbrk_start
 .bss.errno     0x000000002000026c        0x4 c:/st/stm32cubeide_1.8.0/stm32cubeide/plugins/com.st.stm32cube.ide.mcu.externaltools.gnu-tools-for-stm32.10.3-2021.10.win32_1.0.0.202111181127/tools/bin/../lib/gcc/arm-none-eabi/10.3.1/../../../../arm-none-eabi/lib/thumb/v6-m/nofp\libc_nano.a(lib_a-reent.o)
                0x000000002000026c                errno
 *(COMMON)
                0x0000000020000270                . = ALIGN (0x4)
                0x0000000020000270                _ebss = .
                0x0000000020000270                __bss_end__ = _ebss

._user_heap_stack
                0x0000000020000270      0x600 load address 0x0000000008005e64
                0x0000000020000270                . = ALIGN (0x8)
                [!provide]                        PROVIDE (end = .)
                0x0000000020000270                PROVIDE (_end = .)
                0x0000000020000470                . = (. + _Min_Heap_Size)
 *fill*         0x0000000020000270      0x200 
                0x0000000020000870                . = (. + _Min_Stack_Size)
 *fill*         0x0000000020000470      0x400 
                0x0000000020000870                . = ALIGN (0x8)

/DISCARD/
 libc.a(*)
 libm.a(*)
 libgcc.a(*)

.ARM.attributes
                0x0000000000000000       0x28
 *(.ARM.attributes)
 .ARM.attributes
                0x0000000000000000       0x1e c:/st/stm32cubeide_1.8.0/stm32cubeide/plugins/com.st.stm32cube.ide.mcu.externaltools.gnu-tools-for-stm32.10.3-2021.10.win32_1.0.0.202111181127/tools/bin/../lib/gcc/arm-none-eabi/10.3.1/thumb/v6-m/nofp/crti.o
 .ARM.attributes
                0x000000000000001e       0x2c c:/st/stm32cubeide_1.8.0/stm32cubeide/plugins/com.st.stm32cube.ide.mcu.externaltools.gnu-tools-for-stm32.10.3-2021.10.win32_1.0.0.202111181127/tools/bin/../lib/gcc/arm-none-eabi/10.3.1/thumb/v6-m/nofp/crtbegin.o
 .ARM.attributes
                0x000000000000004a       0x2c Core\Src\main.o
 .ARM.attributes
                0x0000000000000076       0x2c Core\Src\stm32g0xx_hal_msp.o
 .ARM.attributes
                0x00000000000000a2       0x2c Core\Src\stm32g0xx_it.o
 .ARM.attributes
                0x00000000000000ce       0x2c Core\Src\sysmem.o
 .ARM.attributes
                0x00000000000000fa       0x2c Core\Src\system_stm32g0xx.o
 .ARM.attributes
                0x0000000000000126       0x22 Core\Startup\startup_stm32g031c8ux.o
 .ARM.attributes
                0x0000000000000148       0x2c Core\ThreadSafe\newlib_lock_glue.o
 .ARM.attributes
                0x0000000000000174       0x2c Drivers\STM32G0xx_HAL_Driver\stm32g0xx_hal.o
 .ARM.attributes
                0x00000000000001a0       0x2c Drivers\STM32G0xx_HAL_Driver\stm32g0xx_hal_adc.o
 .ARM.attributes
                0x00000000000001cc       0x2c Drivers\STM32G0xx_HAL_Driver\stm32g0xx_hal_cortex.o
 .ARM.attributes
                0x00000000000001f8       0x2c Drivers\STM32G0xx_HAL_Driver\stm32g0xx_hal_dma.o
 .ARM.attributes
                0x0000000000000224       0x2c Drivers\STM32G0xx_HAL_Driver\stm32g0xx_hal_gpio.o
 .ARM.attributes
                0x0000000000000250       0x2c Drivers\STM32G0xx_HAL_Driver\stm32g0xx_hal_i2c.o
 .ARM.attributes
                0x000000000000027c       0x2c Drivers\STM32G0xx_HAL_Driver\stm32g0xx_hal_i2c_ex.o
 .ARM.attributes
                0x00000000000002a8       0x2c Drivers\STM32G0xx_HAL_Driver\stm32g0xx_hal_pwr_ex.o
 .ARM.attributes
                0x00000000000002d4       0x2c Drivers\STM32G0xx_HAL_Driver\stm32g0xx_hal_rcc.o
 .ARM.attributes
                0x0000000000000300       0x2c Drivers\STM32G0xx_HAL_Driver\stm32g0xx_hal_rcc_ex.o
 .ARM.attributes
                0x000000000000032c       0x2c Drivers\STM32G0xx_HAL_Driver\stm32g0xx_hal_uart.o
 .ARM.attributes
                0x0000000000000358       0x2c Drivers\STM32G0xx_HAL_Driver\stm32g0xx_hal_uart_ex.o
 .ARM.attributes
                0x0000000000000384       0x2c c:/st/stm32cubeide_1.8.0/stm32cubeide/plugins/com.st.stm32cube.ide.mcu.externaltools.gnu-tools-for-stm32.10.3-2021.10.win32_1.0.0.202111181127/tools/bin/../lib/gcc/arm-none-eabi/10.3.1/../../../../arm-none-eabi/lib/thumb/v6-m/nofp\libc_nano.a(lib_a-errno.o)
 .ARM.attributes
                0x00000000000003b0       0x2c c:/st/stm32cubeide_1.8.0/stm32cubeide/plugins/com.st.stm32cube.ide.mcu.externaltools.gnu-tools-for-stm32.10.3-2021.10.win32_1.0.0.202111181127/tools/bin/../lib/gcc/arm-none-eabi/10.3.1/../../../../arm-none-eabi/lib/thumb/v6-m/nofp\libc_nano.a(lib_a-impure.o)
 .ARM.attributes
                0x00000000000003dc       0x2c c:/st/stm32cubeide_1.8.0/stm32cubeide/plugins/com.st.stm32cube.ide.mcu.externaltools.gnu-tools-for-stm32.10.3-2021.10.win32_1.0.0.202111181127/tools/bin/../lib/gcc/arm-none-eabi/10.3.1/../../../../arm-none-eabi/lib/thumb/v6-m/nofp\libc_nano.a(lib_a-init.o)
 .ARM.attributes
                0x0000000000000408       0x2c c:/st/stm32cubeide_1.8.0/stm32cubeide/plugins/com.st.stm32cube.ide.mcu.externaltools.gnu-tools-for-stm32.10.3-2021.10.win32_1.0.0.202111181127/tools/bin/../lib/gcc/arm-none-eabi/10.3.1/../../../../arm-none-eabi/lib/thumb/v6-m/nofp\libc_nano.a(lib_a-memset.o)
 .ARM.attributes
                0x0000000000000434       0x2c c:/st/stm32cubeide_1.8.0/stm32cubeide/plugins/com.st.stm32cube.ide.mcu.externaltools.gnu-tools-for-stm32.10.3-2021.10.win32_1.0.0.202111181127/tools/bin/../lib/gcc/arm-none-eabi/10.3.1/../../../../arm-none-eabi/lib/thumb/v6-m/nofp\libc_nano.a(lib_a-nano-freer.o)
 .ARM.attributes
                0x0000000000000460       0x2c c:/st/stm32cubeide_1.8.0/stm32cubeide/plugins/com.st.stm32cube.ide.mcu.externaltools.gnu-tools-for-stm32.10.3-2021.10.win32_1.0.0.202111181127/tools/bin/../lib/gcc/arm-none-eabi/10.3.1/../../../../arm-none-eabi/lib/thumb/v6-m/nofp\libc_nano.a(lib_a-nano-mallocr.o)
 .ARM.attributes
                0x000000000000048c       0x2c c:/st/stm32cubeide_1.8.0/stm32cubeide/plugins/com.st.stm32cube.ide.mcu.externaltools.gnu-tools-for-stm32.10.3-2021.10.win32_1.0.0.202111181127/tools/bin/../lib/gcc/arm-none-eabi/10.3.1/../../../../arm-none-eabi/lib/thumb/v6-m/nofp\libc_nano.a(lib_a-sbrkr.o)
 .ARM.attributes
                0x00000000000004b8       0x2c c:/st/stm32cubeide_1.8.0/stm32cubeide/plugins/com.st.stm32cube.ide.mcu.externaltools.gnu-tools-for-stm32.10.3-2021.10.win32_1.0.0.202111181127/tools/bin/../lib/gcc/arm-none-eabi/10.3.1/../../../../arm-none-eabi/lib/thumb/v6-m/nofp\libc_nano.a(lib_a-sprintf.o)
 .ARM.attributes
                0x00000000000004e4       0x2c c:/st/stm32cubeide_1.8.0/stm32cubeide/plugins/com.st.stm32cube.ide.mcu.externaltools.gnu-tools-for-stm32.10.3-2021.10.win32_1.0.0.202111181127/tools/bin/../lib/gcc/arm-none-eabi/10.3.1/../../../../arm-none-eabi/lib/thumb/v6-m/nofp\libc_nano.a(lib_a-mlock.o)
 .ARM.attributes
                0x0000000000000510       0x2c c:/st/stm32cubeide_1.8.0/stm32cubeide/plugins/com.st.stm32cube.ide.mcu.externaltools.gnu-tools-for-stm32.10.3-2021.10.win32_1.0.0.202111181127/tools/bin/../lib/gcc/arm-none-eabi/10.3.1/../../../../arm-none-eabi/lib/thumb/v6-m/nofp\libc_nano.a(lib_a-nano-svfprintf.o)
 .ARM.attributes
                0x000000000000053c       0x2c c:/st/stm32cubeide_1.8.0/stm32cubeide/plugins/com.st.stm32cube.ide.mcu.externaltools.gnu-tools-for-stm32.10.3-2021.10.win32_1.0.0.202111181127/tools/bin/../lib/gcc/arm-none-eabi/10.3.1/../../../../arm-none-eabi/lib/thumb/v6-m/nofp\libc_nano.a(lib_a-nano-vfprintf_i.o)
 .ARM.attributes
                0x0000000000000568       0x2c c:/st/stm32cubeide_1.8.0/stm32cubeide/plugins/com.st.stm32cube.ide.mcu.externaltools.gnu-tools-for-stm32.10.3-2021.10.win32_1.0.0.202111181127/tools/bin/../lib/gcc/arm-none-eabi/10.3.1/../../../../arm-none-eabi/lib/thumb/v6-m/nofp\libc_nano.a(lib_a-reent.o)
 .ARM.attributes
                0x0000000000000594       0x2c c:/st/stm32cubeide_1.8.0/stm32cubeide/plugins/com.st.stm32cube.ide.mcu.externaltools.gnu-tools-for-stm32.10.3-2021.10.win32_1.0.0.202111181127/tools/bin/../lib/gcc/arm-none-eabi/10.3.1/../../../../arm-none-eabi/lib/thumb/v6-m/nofp\libc_nano.a(lib_a-memchr-stub.o)
 .ARM.attributes
                0x00000000000005c0       0x2c c:/st/stm32cubeide_1.8.0/stm32cubeide/plugins/com.st.stm32cube.ide.mcu.externaltools.gnu-tools-for-stm32.10.3-2021.10.win32_1.0.0.202111181127/tools/bin/../lib/gcc/arm-none-eabi/10.3.1/../../../../arm-none-eabi/lib/thumb/v6-m/nofp\libc_nano.a(lib_a-memcpy-stub.o)
 .ARM.attributes
                0x00000000000005ec       0x2c c:/st/stm32cubeide_1.8.0/stm32cubeide/plugins/com.st.stm32cube.ide.mcu.externaltools.gnu-tools-for-stm32.10.3-2021.10.win32_1.0.0.202111181127/tools/bin/../lib/gcc/arm-none-eabi/10.3.1/../../../../arm-none-eabi/lib/thumb/v6-m/nofp\libc_nano.a(lib_a-memmove.o)
 .ARM.attributes
                0x0000000000000618       0x2c c:/st/stm32cubeide_1.8.0/stm32cubeide/plugins/com.st.stm32cube.ide.mcu.externaltools.gnu-tools-for-stm32.10.3-2021.10.win32_1.0.0.202111181127/tools/bin/../lib/gcc/arm-none-eabi/10.3.1/../../../../arm-none-eabi/lib/thumb/v6-m/nofp\libc_nano.a(lib_a-nano-reallocr.o)
 .ARM.attributes
                0x0000000000000644       0x2c c:/st/stm32cubeide_1.8.0/stm32cubeide/plugins/com.st.stm32cube.ide.mcu.externaltools.gnu-tools-for-stm32.10.3-2021.10.win32_1.0.0.202111181127/tools/bin/../lib/gcc/arm-none-eabi/10.3.1/../../../../arm-none-eabi/lib/thumb/v6-m/nofp\libc_nano.a(lib_a-nano-msizer.o)
 .ARM.attributes
                0x0000000000000670       0x1e c:/st/stm32cubeide_1.8.0/stm32cubeide/plugins/com.st.stm32cube.ide.mcu.externaltools.gnu-tools-for-stm32.10.3-2021.10.win32_1.0.0.202111181127/tools/bin/../lib/gcc/arm-none-eabi/10.3.1/thumb/v6-m/nofp\libgcc.a(_thumb1_case_shi.o)
 .ARM.attributes
                0x000000000000068e       0x1e c:/st/stm32cubeide_1.8.0/stm32cubeide/plugins/com.st.stm32cube.ide.mcu.externaltools.gnu-tools-for-stm32.10.3-2021.10.win32_1.0.0.202111181127/tools/bin/../lib/gcc/arm-none-eabi/10.3.1/thumb/v6-m/nofp\libgcc.a(_udivsi3.o)
 .ARM.attributes
                0x00000000000006ac       0x1e c:/st/stm32cubeide_1.8.0/stm32cubeide/plugins/com.st.stm32cube.ide.mcu.externaltools.gnu-tools-for-stm32.10.3-2021.10.win32_1.0.0.202111181127/tools/bin/../lib/gcc/arm-none-eabi/10.3.1/thumb/v6-m/nofp\libgcc.a(_divsi3.o)
 .ARM.attributes
                0x00000000000006ca       0x1e c:/st/stm32cubeide_1.8.0/stm32cubeide/plugins/com.st.stm32cube.ide.mcu.externaltools.gnu-tools-for-stm32.10.3-2021.10.win32_1.0.0.202111181127/tools/bin/../lib/gcc/arm-none-eabi/10.3.1/thumb/v6-m/nofp\libgcc.a(_dvmd_tls.o)
 .ARM.attributes
                0x00000000000006e8       0x1e c:/st/stm32cubeide_1.8.0/stm32cubeide/plugins/com.st.stm32cube.ide.mcu.externaltools.gnu-tools-for-stm32.10.3-2021.10.win32_1.0.0.202111181127/tools/bin/../lib/gcc/arm-none-eabi/10.3.1/thumb/v6-m/nofp\libgcc.a(_aeabi_uldivmod.o)
 .ARM.attributes
                0x0000000000000706       0x2c c:/st/stm32cubeide_1.8.0/stm32cubeide/plugins/com.st.stm32cube.ide.mcu.externaltools.gnu-tools-for-stm32.10.3-2021.10.win32_1.0.0.202111181127/tools/bin/../lib/gcc/arm-none-eabi/10.3.1/thumb/v6-m/nofp\libgcc.a(_udivmoddi4.o)
 .ARM.attributes
                0x0000000000000732       0x1e c:/st/stm32cubeide_1.8.0/stm32cubeide/plugins/com.st.stm32cube.ide.mcu.externaltools.gnu-tools-for-stm32.10.3-2021.10.win32_1.0.0.202111181127/tools/bin/../lib/gcc/arm-none-eabi/10.3.1/thumb/v6-m/nofp\libgcc.a(_clzdi2.o)
 .ARM.attributes
                0x0000000000000750       0x1e c:/st/stm32cubeide_1.8.0/stm32cubeide/plugins/com.st.stm32cube.ide.mcu.externaltools.gnu-tools-for-stm32.10.3-2021.10.win32_1.0.0.202111181127/tools/bin/../lib/gcc/arm-none-eabi/10.3.1/thumb/v6-m/nofp\libgcc.a(_clzsi2.o)
 .ARM.attributes
                0x000000000000076e       0x1e c:/st/stm32cubeide_1.8.0/stm32cubeide/plugins/com.st.stm32cube.ide.mcu.externaltools.gnu-tools-for-stm32.10.3-2021.10.win32_1.0.0.202111181127/tools/bin/../lib/gcc/arm-none-eabi/10.3.1/thumb/v6-m/nofp/crtn.o
OUTPUT(glo02.elf elf32-littlearm)
LOAD linker stubs
LOAD c:/st/stm32cubeide_1.8.0/stm32cubeide/plugins/com.st.stm32cube.ide.mcu.externaltools.gnu-tools-for-stm32.10.3-2021.10.win32_1.0.0.202111181127/tools/bin/../lib/gcc/arm-none-eabi/10.3.1/../../../../arm-none-eabi/lib/thumb/v6-m/nofp\libc.a
LOAD c:/st/stm32cubeide_1.8.0/stm32cubeide/plugins/com.st.stm32cube.ide.mcu.externaltools.gnu-tools-for-stm32.10.3-2021.10.win32_1.0.0.202111181127/tools/bin/../lib/gcc/arm-none-eabi/10.3.1/../../../../arm-none-eabi/lib/thumb/v6-m/nofp\libm.a
LOAD c:/st/stm32cubeide_1.8.0/stm32cubeide/plugins/com.st.stm32cube.ide.mcu.externaltools.gnu-tools-for-stm32.10.3-2021.10.win32_1.0.0.202111181127/tools/bin/../lib/gcc/arm-none-eabi/10.3.1/thumb/v6-m/nofp\libgcc.a

.debug_info     0x0000000000000000    0x11abb
 .debug_info    0x0000000000000000     0x1799 Core\Src\main.o
 .debug_info    0x0000000000001799     0x14d6 Core\Src\stm32g0xx_hal_msp.o
 .debug_info    0x0000000000002c6f      0x828 Core\Src\stm32g0xx_it.o
 .debug_info    0x0000000000003497      0x171 Core\Src\sysmem.o
 .debug_info    0x0000000000003608      0x34d Core\Src\system_stm32g0xx.o
 .debug_info    0x0000000000003955       0x22 Core\Startup\startup_stm32g031c8ux.o
 .debug_info    0x0000000000003977      0x73d Core\ThreadSafe\newlib_lock_glue.o
 .debug_info    0x00000000000040b4      0xa94 Drivers\STM32G0xx_HAL_Driver\stm32g0xx_hal.o
 .debug_info    0x0000000000004b48     0x15f8 Drivers\STM32G0xx_HAL_Driver\stm32g0xx_hal_adc.o
 .debug_info    0x0000000000006140      0x8fb Drivers\STM32G0xx_HAL_Driver\stm32g0xx_hal_cortex.o
 .debug_info    0x0000000000006a3b      0x8c8 Drivers\STM32G0xx_HAL_Driver\stm32g0xx_hal_dma.o
 .debug_info    0x0000000000007303      0x5d7 Drivers\STM32G0xx_HAL_Driver\stm32g0xx_hal_gpio.o
 .debug_info    0x00000000000078da     0x22bb Drivers\STM32G0xx_HAL_Driver\stm32g0xx_hal_i2c.o
 .debug_info    0x0000000000009b95      0xa65 Drivers\STM32G0xx_HAL_Driver\stm32g0xx_hal_i2c_ex.o
 .debug_info    0x000000000000a5fa      0x7b9 Drivers\STM32G0xx_HAL_Driver\stm32g0xx_hal_pwr_ex.o
 .debug_info    0x000000000000adb3      0xb63 Drivers\STM32G0xx_HAL_Driver\stm32g0xx_hal_rcc.o
 .debug_info    0x000000000000b916      0x804 Drivers\STM32G0xx_HAL_Driver\stm32g0xx_hal_rcc_ex.o
 .debug_info    0x000000000000c11a     0x49be Drivers\STM32G0xx_HAL_Driver\stm32g0xx_hal_uart.o
 .debug_info    0x0000000000010ad8      0xfe3 Drivers\STM32G0xx_HAL_Driver\stm32g0xx_hal_uart_ex.o

.debug_abbrev   0x0000000000000000     0x276f
 .debug_abbrev  0x0000000000000000      0x2c0 Core\Src\main.o
 .debug_abbrev  0x00000000000002c0      0x23f Core\Src\stm32g0xx_hal_msp.o
 .debug_abbrev  0x00000000000004ff      0x19a Core\Src\stm32g0xx_it.o
 .debug_abbrev  0x0000000000000699       0xbb Core\Src\sysmem.o
 .debug_abbrev  0x0000000000000754      0x116 Core\Src\system_stm32g0xx.o
 .debug_abbrev  0x000000000000086a       0x12 Core\Startup\startup_stm32g031c8ux.o
 .debug_abbrev  0x000000000000087c      0x282 Core\ThreadSafe\newlib_lock_glue.o
 .debug_abbrev  0x0000000000000afe      0x2a9 Drivers\STM32G0xx_HAL_Driver\stm32g0xx_hal.o
 .debug_abbrev  0x0000000000000da7      0x26c Drivers\STM32G0xx_HAL_Driver\stm32g0xx_hal_adc.o
 .debug_abbrev  0x0000000000001013      0x29f Drivers\STM32G0xx_HAL_Driver\stm32g0xx_hal_cortex.o
 .debug_abbrev  0x00000000000012b2      0x1db Drivers\STM32G0xx_HAL_Driver\stm32g0xx_hal_dma.o
 .debug_abbrev  0x000000000000148d      0x1b9 Drivers\STM32G0xx_HAL_Driver\stm32g0xx_hal_gpio.o
 .debug_abbrev  0x0000000000001646      0x27e Drivers\STM32G0xx_HAL_Driver\stm32g0xx_hal_i2c.o
 .debug_abbrev  0x00000000000018c4      0x1d7 Drivers\STM32G0xx_HAL_Driver\stm32g0xx_hal_i2c_ex.o
 .debug_abbrev  0x0000000000001a9b      0x232 Drivers\STM32G0xx_HAL_Driver\stm32g0xx_hal_pwr_ex.o
 .debug_abbrev  0x0000000000001ccd      0x2a3 Drivers\STM32G0xx_HAL_Driver\stm32g0xx_hal_rcc.o
 .debug_abbrev  0x0000000000001f70      0x21a Drivers\STM32G0xx_HAL_Driver\stm32g0xx_hal_rcc_ex.o
 .debug_abbrev  0x000000000000218a      0x310 Drivers\STM32G0xx_HAL_Driver\stm32g0xx_hal_uart.o
 .debug_abbrev  0x000000000000249a      0x2d5 Drivers\STM32G0xx_HAL_Driver\stm32g0xx_hal_uart_ex.o

.debug_aranges  0x0000000000000000      0xe78
 .debug_aranges
                0x0000000000000000       0x58 Core\Src\main.o
 .debug_aranges
                0x0000000000000058       0x50 Core\Src\stm32g0xx_hal_msp.o
 .debug_aranges
                0x00000000000000a8       0x50 Core\Src\stm32g0xx_it.o
 .debug_aranges
                0x00000000000000f8       0x20 Core\Src\sysmem.o
 .debug_aranges
                0x0000000000000118       0x28 Core\Src\system_stm32g0xx.o
 .debug_aranges
                0x0000000000000140       0x28 Core\Startup\startup_stm32g031c8ux.o
 .debug_aranges
                0x0000000000000168       0xa0 Core\ThreadSafe\newlib_lock_glue.o
 .debug_aranges
                0x0000000000000208      0x128 Drivers\STM32G0xx_HAL_Driver\stm32g0xx_hal.o
 .debug_aranges
                0x0000000000000330      0x1f0 Drivers\STM32G0xx_HAL_Driver\stm32g0xx_hal_adc.o
 .debug_aranges
                0x0000000000000520       0xd8 Drivers\STM32G0xx_HAL_Driver\stm32g0xx_hal_cortex.o
 .debug_aranges
                0x00000000000005f8       0x90 Drivers\STM32G0xx_HAL_Driver\stm32g0xx_hal_dma.o
 .debug_aranges
                0x0000000000000688       0x60 Drivers\STM32G0xx_HAL_Driver\stm32g0xx_hal_gpio.o
 .debug_aranges
                0x00000000000006e8      0x290 Drivers\STM32G0xx_HAL_Driver\stm32g0xx_hal_i2c.o
 .debug_aranges
                0x0000000000000978       0x48 Drivers\STM32G0xx_HAL_Driver\stm32g0xx_hal_i2c_ex.o
 .debug_aranges
                0x00000000000009c0       0xf0 Drivers\STM32G0xx_HAL_Driver\stm32g0xx_hal_pwr_ex.o
 .debug_aranges
                0x0000000000000ab0       0xa0 Drivers\STM32G0xx_HAL_Driver\stm32g0xx_hal_rcc.o
 .debug_aranges
                0x0000000000000b50       0x40 Drivers\STM32G0xx_HAL_Driver\stm32g0xx_hal_rcc_ex.o
 .debug_aranges
                0x0000000000000b90      0x248 Drivers\STM32G0xx_HAL_Driver\stm32g0xx_hal_uart.o
 .debug_aranges
                0x0000000000000dd8       0xa0 Drivers\STM32G0xx_HAL_Driver\stm32g0xx_hal_uart_ex.o

.debug_ranges   0x0000000000000000      0xd80
 .debug_ranges  0x0000000000000000       0x48 Core\Src\main.o
 .debug_ranges  0x0000000000000048       0x40 Core\Src\stm32g0xx_hal_msp.o
 .debug_ranges  0x0000000000000088       0x40 Core\Src\stm32g0xx_it.o
 .debug_ranges  0x00000000000000c8       0x10 Core\Src\sysmem.o
 .debug_ranges  0x00000000000000d8       0x18 Core\Src\system_stm32g0xx.o
 .debug_ranges  0x00000000000000f0       0x20 Core\Startup\startup_stm32g031c8ux.o
 .debug_ranges  0x0000000000000110       0x90 Core\ThreadSafe\newlib_lock_glue.o
 .debug_ranges  0x00000000000001a0      0x118 Drivers\STM32G0xx_HAL_Driver\stm32g0xx_hal.o
 .debug_ranges  0x00000000000002b8      0x1e0 Drivers\STM32G0xx_HAL_Driver\stm32g0xx_hal_adc.o
 .debug_ranges  0x0000000000000498       0xc8 Drivers\STM32G0xx_HAL_Driver\stm32g0xx_hal_cortex.o
 .debug_ranges  0x0000000000000560       0x80 Drivers\STM32G0xx_HAL_Driver\stm32g0xx_hal_dma.o
 .debug_ranges  0x00000000000005e0       0x50 Drivers\STM32G0xx_HAL_Driver\stm32g0xx_hal_gpio.o
 .debug_ranges  0x0000000000000630      0x280 Drivers\STM32G0xx_HAL_Driver\stm32g0xx_hal_i2c.o
 .debug_ranges  0x00000000000008b0       0x38 Drivers\STM32G0xx_HAL_Driver\stm32g0xx_hal_i2c_ex.o
 .debug_ranges  0x00000000000008e8       0xe0 Drivers\STM32G0xx_HAL_Driver\stm32g0xx_hal_pwr_ex.o
 .debug_ranges  0x00000000000009c8       0x90 Drivers\STM32G0xx_HAL_Driver\stm32g0xx_hal_rcc.o
 .debug_ranges  0x0000000000000a58       0x30 Drivers\STM32G0xx_HAL_Driver\stm32g0xx_hal_rcc_ex.o
 .debug_ranges  0x0000000000000a88      0x268 Drivers\STM32G0xx_HAL_Driver\stm32g0xx_hal_uart.o
 .debug_ranges  0x0000000000000cf0       0x90 Drivers\STM32G0xx_HAL_Driver\stm32g0xx_hal_uart_ex.o

.debug_macro    0x0000000000000000    0x17036
 .debug_macro   0x0000000000000000      0x216 Core\Src\main.o
 .debug_macro   0x0000000000000216      0xa54 Core\Src\main.o
 .debug_macro   0x0000000000000c6a      0x123 Core\Src\main.o
 .debug_macro   0x0000000000000d8d       0x2e Core\Src\main.o
 .debug_macro   0x0000000000000dbb       0x28 Core\Src\main.o
 .debug_macro   0x0000000000000de3       0x22 Core\Src\main.o
 .debug_macro   0x0000000000000e05       0x8e Core\Src\main.o
 .debug_macro   0x0000000000000e93       0x51 Core\Src\main.o
 .debug_macro   0x0000000000000ee4      0x103 Core\Src\main.o
 .debug_macro   0x0000000000000fe7       0x6a Core\Src\main.o
 .debug_macro   0x0000000000001051      0x1df Core\Src\main.o
 .debug_macro   0x0000000000001230       0x1c Core\Src\main.o
 .debug_macro   0x000000000000124c       0x22 Core\Src\main.o
 .debug_macro   0x000000000000126e       0xd1 Core\Src\main.o
 .debug_macro   0x000000000000133f      0x4da Core\Src\main.o
 .debug_macro   0x0000000000001819      0x11f Core\Src\main.o
 .debug_macro   0x0000000000001938     0xac09 Core\Src\main.o
 .debug_macro   0x000000000000c541       0x66 Core\Src\main.o
 .debug_macro   0x000000000000c5a7     0x34fd Core\Src\main.o
 .debug_macro   0x000000000000faa4      0x174 Core\Src\main.o
 .debug_macro   0x000000000000fc18       0x5c Core\Src\main.o
 .debug_macro   0x000000000000fc74      0x53b Core\Src\main.o
 .debug_macro   0x00000000000101af      0xf23 Core\Src\main.o
 .debug_macro   0x00000000000110d2      0x1d8 Core\Src\main.o
 .debug_macro   0x00000000000112aa      0x1cf Core\Src\main.o
 .debug_macro   0x0000000000011479      0x122 Core\Src\main.o
 .debug_macro   0x000000000001159b      0x390 Core\Src\main.o
 .debug_macro   0x000000000001192b      0x202 Core\Src\main.o
 .debug_macro   0x0000000000011b2d      0x2ff Core\Src\main.o
 .debug_macro   0x0000000000011e2c      0x1b2 Core\Src\main.o
 .debug_macro   0x0000000000011fde       0x43 Core\Src\main.o
 .debug_macro   0x0000000000012021      0x1f1 Core\Src\main.o
 .debug_macro   0x0000000000012212      0x8a1 Core\Src\main.o
 .debug_macro   0x0000000000012ab3      0x5b4 Core\Src\main.o
 .debug_macro   0x0000000000013067       0x2e Core\Src\main.o
 .debug_macro   0x0000000000013095      0x1d6 Core\Src\main.o
 .debug_macro   0x000000000001326b      0x38a Core\Src\main.o
 .debug_macro   0x00000000000135f5       0x28 Core\Src\main.o
 .debug_macro   0x000000000001361d       0xe4 Core\Src\main.o
 .debug_macro   0x0000000000013701      0x22c Core\Src\main.o
 .debug_macro   0x000000000001392d       0x67 Core\Src\main.o
 .debug_macro   0x0000000000013994       0xa5 Core\Src\main.o
 .debug_macro   0x0000000000013a39      0x10c Core\Src\main.o
 .debug_macro   0x0000000000013b45      0x240 Core\Src\main.o
 .debug_macro   0x0000000000013d85      0x67e Core\Src\main.o
 .debug_macro   0x0000000000014403       0xa6 Core\Src\main.o
 .debug_macro   0x00000000000144a9      0x49d Core\Src\main.o
 .debug_macro   0x0000000000014946      0x216 Core\Src\stm32g0xx_hal_msp.o
 .debug_macro   0x0000000000014b5c      0x220 Core\Src\stm32g0xx_it.o
 .debug_macro   0x0000000000014d7c       0xff Core\Src\sysmem.o
 .debug_macro   0x0000000000014e7b      0x23b Core\Src\sysmem.o
 .debug_macro   0x00000000000150b6      0x20c Core\Src\system_stm32g0xx.o
 .debug_macro   0x00000000000152c2      0x181 Core\ThreadSafe\newlib_lock_glue.o
 .debug_macro   0x0000000000015443       0x52 Core\ThreadSafe\newlib_lock_glue.o
 .debug_macro   0x0000000000015495      0x118 Core\ThreadSafe\newlib_lock_glue.o
 .debug_macro   0x00000000000155ad       0x29 Core\ThreadSafe\newlib_lock_glue.o
 .debug_macro   0x00000000000155d6      0x230 Drivers\STM32G0xx_HAL_Driver\stm32g0xx_hal.o
 .debug_macro   0x0000000000015806      0x230 Drivers\STM32G0xx_HAL_Driver\stm32g0xx_hal_adc.o
 .debug_macro   0x0000000000015a36      0x20c Drivers\STM32G0xx_HAL_Driver\stm32g0xx_hal_cortex.o
 .debug_macro   0x0000000000015c42      0x20c Drivers\STM32G0xx_HAL_Driver\stm32g0xx_hal_dma.o
 .debug_macro   0x0000000000015e4e      0x213 Drivers\STM32G0xx_HAL_Driver\stm32g0xx_hal_gpio.o
 .debug_macro   0x0000000000016061      0x2d8 Drivers\STM32G0xx_HAL_Driver\stm32g0xx_hal_i2c.o
 .debug_macro   0x0000000000016339      0x20c Drivers\STM32G0xx_HAL_Driver\stm32g0xx_hal_i2c_ex.o
 .debug_macro   0x0000000000016545      0x236 Drivers\STM32G0xx_HAL_Driver\stm32g0xx_hal_pwr_ex.o
 .debug_macro   0x000000000001677b      0x248 Drivers\STM32G0xx_HAL_Driver\stm32g0xx_hal_rcc.o
 .debug_macro   0x00000000000169c3      0x224 Drivers\STM32G0xx_HAL_Driver\stm32g0xx_hal_rcc_ex.o
 .debug_macro   0x0000000000016be7      0x237 Drivers\STM32G0xx_HAL_Driver\stm32g0xx_hal_uart.o
 .debug_macro   0x0000000000016e1e      0x218 Drivers\STM32G0xx_HAL_Driver\stm32g0xx_hal_uart_ex.o

.debug_line     0x0000000000000000    0x12fa1
 .debug_line    0x0000000000000000      0xacb Core\Src\main.o
 .debug_line    0x0000000000000acb      0x96f Core\Src\stm32g0xx_hal_msp.o
 .debug_line    0x000000000000143a      0x8ae Core\Src\stm32g0xx_it.o
 .debug_line    0x0000000000001ce8      0x4e5 Core\Src\sysmem.o
 .debug_line    0x00000000000021cd      0x88c Core\Src\system_stm32g0xx.o
 .debug_line    0x0000000000002a59       0x89 Core\Startup\startup_stm32g031c8ux.o
 .debug_line    0x0000000000002ae2      0x93e Core\ThreadSafe\newlib_lock_glue.o
 .debug_line    0x0000000000003420      0xc10 Drivers\STM32G0xx_HAL_Driver\stm32g0xx_hal.o
 .debug_line    0x0000000000004030     0x19aa Drivers\STM32G0xx_HAL_Driver\stm32g0xx_hal_adc.o
 .debug_line    0x00000000000059da      0xc79 Drivers\STM32G0xx_HAL_Driver\stm32g0xx_hal_cortex.o
 .debug_line    0x0000000000006653      0xe99 Drivers\STM32G0xx_HAL_Driver\stm32g0xx_hal_dma.o
 .debug_line    0x00000000000074ec      0xc65 Drivers\STM32G0xx_HAL_Driver\stm32g0xx_hal_gpio.o
 .debug_line    0x0000000000008151     0x34e7 Drivers\STM32G0xx_HAL_Driver\stm32g0xx_hal_i2c.o
 .debug_line    0x000000000000b638      0xa6d Drivers\STM32G0xx_HAL_Driver\stm32g0xx_hal_i2c_ex.o
 .debug_line    0x000000000000c0a5      0xbdd Drivers\STM32G0xx_HAL_Driver\stm32g0xx_hal_pwr_ex.o
 .debug_line    0x000000000000cc82     0x1023 Drivers\STM32G0xx_HAL_Driver\stm32g0xx_hal_rcc.o
 .debug_line    0x000000000000dca5      0xd42 Drivers\STM32G0xx_HAL_Driver\stm32g0xx_hal_rcc_ex.o
 .debug_line    0x000000000000e9e7     0x3683 Drivers\STM32G0xx_HAL_Driver\stm32g0xx_hal_uart.o
 .debug_line    0x000000000001206a      0xf37 Drivers\STM32G0xx_HAL_Driver\stm32g0xx_hal_uart_ex.o

.debug_str      0x0000000000000000    0x961b1
 .debug_str     0x0000000000000000    0x8dd0b Core\Src\main.o
                                      0x8e54a (size before relaxing)
 .debug_str     0x000000000008dd0b      0x1ec Core\Src\stm32g0xx_hal_msp.o
                                      0x8e381 (size before relaxing)
 .debug_str     0x000000000008def7       0xd4 Core\Src\stm32g0xx_it.o
                                      0x8da40 (size before relaxing)
 .debug_str     0x000000000008dfcb     0x1e60 Core\Src\sysmem.o
                                       0x5cbc (size before relaxing)
 .debug_str     0x000000000008fe2b       0x8e Core\Src\system_stm32g0xx.o
                                      0x8d58b (size before relaxing)
 .debug_str     0x000000000008feb9       0x36 Core\Startup\startup_stm32g031c8ux.o
                                         0x65 (size before relaxing)
 .debug_str     0x000000000008feef     0x29d5 Core\ThreadSafe\newlib_lock_glue.o
                                       0x8bf6 (size before relaxing)
 .debug_str     0x00000000000928c4      0x59d Drivers\STM32G0xx_HAL_Driver\stm32g0xx_hal.o
                                      0x8dd97 (size before relaxing)
 .debug_str     0x0000000000092e61      0x909 Drivers\STM32G0xx_HAL_Driver\stm32g0xx_hal_adc.o
                                      0x8e37a (size before relaxing)
 .debug_str     0x000000000009376a      0x289 Drivers\STM32G0xx_HAL_Driver\stm32g0xx_hal_cortex.o
                                      0x8da13 (size before relaxing)
 .debug_str     0x00000000000939f3      0x29a Drivers\STM32G0xx_HAL_Driver\stm32g0xx_hal_dma.o
                                      0x8da5b (size before relaxing)
 .debug_str     0x0000000000093c8d      0x14f Drivers\STM32G0xx_HAL_Driver\stm32g0xx_hal_gpio.o
                                      0x8d6f6 (size before relaxing)
 .debug_str     0x0000000000093ddc      0xdbd Drivers\STM32G0xx_HAL_Driver\stm32g0xx_hal_i2c.o
                                      0x8e951 (size before relaxing)
 .debug_str     0x0000000000094b99       0xee Drivers\STM32G0xx_HAL_Driver\stm32g0xx_hal_i2c_ex.o
                                      0x8dc14 (size before relaxing)
 .debug_str     0x0000000000094c87      0x3b1 Drivers\STM32G0xx_HAL_Driver\stm32g0xx_hal_pwr_ex.o
                                      0x8da3a (size before relaxing)
 .debug_str     0x0000000000095038      0x37b Drivers\STM32G0xx_HAL_Driver\stm32g0xx_hal_rcc.o
                                      0x8dbe4 (size before relaxing)
 .debug_str     0x00000000000953b3      0x1bb Drivers\STM32G0xx_HAL_Driver\stm32g0xx_hal_rcc_ex.o
                                      0x8d950 (size before relaxing)
 .debug_str     0x000000000009556e      0x9b3 Drivers\STM32G0xx_HAL_Driver\stm32g0xx_hal_uart.o
                                      0x8e564 (size before relaxing)
 .debug_str     0x0000000000095f21      0x290 Drivers\STM32G0xx_HAL_Driver\stm32g0xx_hal_uart_ex.o
                                      0x8de09 (size before relaxing)

.comment        0x0000000000000000       0x50
 .comment       0x0000000000000000       0x50 Core\Src\main.o
                                         0x51 (size before relaxing)
 .comment       0x0000000000000050       0x51 Core\Src\stm32g0xx_hal_msp.o
 .comment       0x0000000000000050       0x51 Core\Src\stm32g0xx_it.o
 .comment       0x0000000000000050       0x51 Core\Src\sysmem.o
 .comment       0x0000000000000050       0x51 Core\Src\system_stm32g0xx.o
 .comment       0x0000000000000050       0x51 Core\ThreadSafe\newlib_lock_glue.o
 .comment       0x0000000000000050       0x51 Drivers\STM32G0xx_HAL_Driver\stm32g0xx_hal.o
 .comment       0x0000000000000050       0x51 Drivers\STM32G0xx_HAL_Driver\stm32g0xx_hal_adc.o
 .comment       0x0000000000000050       0x51 Drivers\STM32G0xx_HAL_Driver\stm32g0xx_hal_cortex.o
 .comment       0x0000000000000050       0x51 Drivers\STM32G0xx_HAL_Driver\stm32g0xx_hal_dma.o
 .comment       0x0000000000000050       0x51 Drivers\STM32G0xx_HAL_Driver\stm32g0xx_hal_gpio.o
 .comment       0x0000000000000050       0x51 Drivers\STM32G0xx_HAL_Driver\stm32g0xx_hal_i2c.o
 .comment       0x0000000000000050       0x51 Drivers\STM32G0xx_HAL_Driver\stm32g0xx_hal_i2c_ex.o
 .comment       0x0000000000000050       0x51 Drivers\STM32G0xx_HAL_Driver\stm32g0xx_hal_pwr_ex.o
 .comment       0x0000000000000050       0x51 Drivers\STM32G0xx_HAL_Driver\stm32g0xx_hal_rcc.o
 .comment       0x0000000000000050       0x51 Drivers\STM32G0xx_HAL_Driver\stm32g0xx_hal_rcc_ex.o
 .comment       0x0000000000000050       0x51 Drivers\STM32G0xx_HAL_Driver\stm32g0xx_hal_uart.o
 .comment       0x0000000000000050       0x51 Drivers\STM32G0xx_HAL_Driver\stm32g0xx_hal_uart_ex.o

.debug_frame    0x0000000000000000     0x36f8
 .debug_frame   0x0000000000000000      0x104 Core\Src\main.o
 .debug_frame   0x0000000000000104       0xf0 Core\Src\stm32g0xx_hal_msp.o
 .debug_frame   0x00000000000001f4       0xd4 Core\Src\stm32g0xx_it.o
 .debug_frame   0x00000000000002c8       0x30 Core\Src\sysmem.o
 .debug_frame   0x00000000000002f8       0x4c Core\Src\system_stm32g0xx.o
 .debug_frame   0x0000000000000344      0x22c Core\ThreadSafe\newlib_lock_glue.o
 .debug_frame   0x0000000000000570      0x3fc Drivers\STM32G0xx_HAL_Driver\stm32g0xx_hal.o
 .debug_frame   0x000000000000096c      0x78c Drivers\STM32G0xx_HAL_Driver\stm32g0xx_hal_adc.o
 .debug_frame   0x00000000000010f8      0x2fc Drivers\STM32G0xx_HAL_Driver\stm32g0xx_hal_cortex.o
 .debug_frame   0x00000000000013f4      0x1f0 Drivers\STM32G0xx_HAL_Driver\stm32g0xx_hal_dma.o
 .debug_frame   0x00000000000015e4      0x130 Drivers\STM32G0xx_HAL_Driver\stm32g0xx_hal_gpio.o
 .debug_frame   0x0000000000001714      0xa24 Drivers\STM32G0xx_HAL_Driver\stm32g0xx_hal_i2c.o
 .debug_frame   0x0000000000002138       0xd0 Drivers\STM32G0xx_HAL_Driver\stm32g0xx_hal_i2c_ex.o
 .debug_frame   0x0000000000002208      0x32c Drivers\STM32G0xx_HAL_Driver\stm32g0xx_hal_pwr_ex.o
 .debug_frame   0x0000000000002534      0x214 Drivers\STM32G0xx_HAL_Driver\stm32g0xx_hal_rcc.o
 .debug_frame   0x0000000000002748       0xb0 Drivers\STM32G0xx_HAL_Driver\stm32g0xx_hal_rcc_ex.o
 .debug_frame   0x00000000000027f8      0x8d8 Drivers\STM32G0xx_HAL_Driver\stm32g0xx_hal_uart.o
 .debug_frame   0x00000000000030d0      0x23c Drivers\STM32G0xx_HAL_Driver\stm32g0xx_hal_uart_ex.o
 .debug_frame   0x000000000000330c       0x20 c:/st/stm32cubeide_1.8.0/stm32cubeide/plugins/com.st.stm32cube.ide.mcu.externaltools.gnu-tools-for-stm32.10.3-2021.10.win32_1.0.0.202111181127/tools/bin/../lib/gcc/arm-none-eabi/10.3.1/../../../../arm-none-eabi/lib/thumb/v6-m/nofp\libc_nano.a(lib_a-errno.o)
 .debug_frame   0x000000000000332c       0x2c c:/st/stm32cubeide_1.8.0/stm32cubeide/plugins/com.st.stm32cube.ide.mcu.externaltools.gnu-tools-for-stm32.10.3-2021.10.win32_1.0.0.202111181127/tools/bin/../lib/gcc/arm-none-eabi/10.3.1/../../../../arm-none-eabi/lib/thumb/v6-m/nofp\libc_nano.a(lib_a-init.o)
 .debug_frame   0x0000000000003358       0x20 c:/st/stm32cubeide_1.8.0/stm32cubeide/plugins/com.st.stm32cube.ide.mcu.externaltools.gnu-tools-for-stm32.10.3-2021.10.win32_1.0.0.202111181127/tools/bin/../lib/gcc/arm-none-eabi/10.3.1/../../../../arm-none-eabi/lib/thumb/v6-m/nofp\libc_nano.a(lib_a-memset.o)
 .debug_frame   0x0000000000003378       0x2c c:/st/stm32cubeide_1.8.0/stm32cubeide/plugins/com.st.stm32cube.ide.mcu.externaltools.gnu-tools-for-stm32.10.3-2021.10.win32_1.0.0.202111181127/tools/bin/../lib/gcc/arm-none-eabi/10.3.1/../../../../arm-none-eabi/lib/thumb/v6-m/nofp\libc_nano.a(lib_a-nano-freer.o)
 .debug_frame   0x00000000000033a4       0x50 c:/st/stm32cubeide_1.8.0/stm32cubeide/plugins/com.st.stm32cube.ide.mcu.externaltools.gnu-tools-for-stm32.10.3-2021.10.win32_1.0.0.202111181127/tools/bin/../lib/gcc/arm-none-eabi/10.3.1/../../../../arm-none-eabi/lib/thumb/v6-m/nofp\libc_nano.a(lib_a-nano-mallocr.o)
 .debug_frame   0x00000000000033f4       0x2c c:/st/stm32cubeide_1.8.0/stm32cubeide/plugins/com.st.stm32cube.ide.mcu.externaltools.gnu-tools-for-stm32.10.3-2021.10.win32_1.0.0.202111181127/tools/bin/../lib/gcc/arm-none-eabi/10.3.1/../../../../arm-none-eabi/lib/thumb/v6-m/nofp\libc_nano.a(lib_a-sbrkr.o)
 .debug_frame   0x0000000000003420       0x48 c:/st/stm32cubeide_1.8.0/stm32cubeide/plugins/com.st.stm32cube.ide.mcu.externaltools.gnu-tools-for-stm32.10.3-2021.10.win32_1.0.0.202111181127/tools/bin/../lib/gcc/arm-none-eabi/10.3.1/../../../../arm-none-eabi/lib/thumb/v6-m/nofp\libc_nano.a(lib_a-sprintf.o)
 .debug_frame   0x0000000000003468       0x40 c:/st/stm32cubeide_1.8.0/stm32cubeide/plugins/com.st.stm32cube.ide.mcu.externaltools.gnu-tools-for-stm32.10.3-2021.10.win32_1.0.0.202111181127/tools/bin/../lib/gcc/arm-none-eabi/10.3.1/../../../../arm-none-eabi/lib/thumb/v6-m/nofp\libc_nano.a(lib_a-mlock.o)
 .debug_frame   0x00000000000034a8       0x74 c:/st/stm32cubeide_1.8.0/stm32cubeide/plugins/com.st.stm32cube.ide.mcu.externaltools.gnu-tools-for-stm32.10.3-2021.10.win32_1.0.0.202111181127/tools/bin/../lib/gcc/arm-none-eabi/10.3.1/../../../../arm-none-eabi/lib/thumb/v6-m/nofp\libc_nano.a(lib_a-nano-svfprintf.o)
 .debug_frame   0x000000000000351c       0x54 c:/st/stm32cubeide_1.8.0/stm32cubeide/plugins/com.st.stm32cube.ide.mcu.externaltools.gnu-tools-for-stm32.10.3-2021.10.win32_1.0.0.202111181127/tools/bin/../lib/gcc/arm-none-eabi/10.3.1/../../../../arm-none-eabi/lib/thumb/v6-m/nofp\libc_nano.a(lib_a-nano-vfprintf_i.o)
 .debug_frame   0x0000000000003570       0x48 c:/st/stm32cubeide_1.8.0/stm32cubeide/plugins/com.st.stm32cube.ide.mcu.externaltools.gnu-tools-for-stm32.10.3-2021.10.win32_1.0.0.202111181127/tools/bin/../lib/gcc/arm-none-eabi/10.3.1/../../../../arm-none-eabi/lib/thumb/v6-m/nofp\libc_nano.a(lib_a-reent.o)
 .debug_frame   0x00000000000035b8       0x20 c:/st/stm32cubeide_1.8.0/stm32cubeide/plugins/com.st.stm32cube.ide.mcu.externaltools.gnu-tools-for-stm32.10.3-2021.10.win32_1.0.0.202111181127/tools/bin/../lib/gcc/arm-none-eabi/10.3.1/../../../../arm-none-eabi/lib/thumb/v6-m/nofp\libc_nano.a(lib_a-memchr-stub.o)
 .debug_frame   0x00000000000035d8       0x28 c:/st/stm32cubeide_1.8.0/stm32cubeide/plugins/com.st.stm32cube.ide.mcu.externaltools.gnu-tools-for-stm32.10.3-2021.10.win32_1.0.0.202111181127/tools/bin/../lib/gcc/arm-none-eabi/10.3.1/../../../../arm-none-eabi/lib/thumb/v6-m/nofp\libc_nano.a(lib_a-memcpy-stub.o)
 .debug_frame   0x0000000000003600       0x28 c:/st/stm32cubeide_1.8.0/stm32cubeide/plugins/com.st.stm32cube.ide.mcu.externaltools.gnu-tools-for-stm32.10.3-2021.10.win32_1.0.0.202111181127/tools/bin/../lib/gcc/arm-none-eabi/10.3.1/../../../../arm-none-eabi/lib/thumb/v6-m/nofp\libc_nano.a(lib_a-memmove.o)
 .debug_frame   0x0000000000003628       0x34 c:/st/stm32cubeide_1.8.0/stm32cubeide/plugins/com.st.stm32cube.ide.mcu.externaltools.gnu-tools-for-stm32.10.3-2021.10.win32_1.0.0.202111181127/tools/bin/../lib/gcc/arm-none-eabi/10.3.1/../../../../arm-none-eabi/lib/thumb/v6-m/nofp\libc_nano.a(lib_a-nano-reallocr.o)
 .debug_frame   0x000000000000365c       0x20 c:/st/stm32cubeide_1.8.0/stm32cubeide/plugins/com.st.stm32cube.ide.mcu.externaltools.gnu-tools-for-stm32.10.3-2021.10.win32_1.0.0.202111181127/tools/bin/../lib/gcc/arm-none-eabi/10.3.1/../../../../arm-none-eabi/lib/thumb/v6-m/nofp\libc_nano.a(lib_a-nano-msizer.o)
 .debug_frame   0x000000000000367c       0x20 c:/st/stm32cubeide_1.8.0/stm32cubeide/plugins/com.st.stm32cube.ide.mcu.externaltools.gnu-tools-for-stm32.10.3-2021.10.win32_1.0.0.202111181127/tools/bin/../lib/gcc/arm-none-eabi/10.3.1/thumb/v6-m/nofp\libgcc.a(_udivsi3.o)
 .debug_frame   0x000000000000369c       0x20 c:/st/stm32cubeide_1.8.0/stm32cubeide/plugins/com.st.stm32cube.ide.mcu.externaltools.gnu-tools-for-stm32.10.3-2021.10.win32_1.0.0.202111181127/tools/bin/../lib/gcc/arm-none-eabi/10.3.1/thumb/v6-m/nofp\libgcc.a(_divsi3.o)
 .debug_frame   0x00000000000036bc       0x3c c:/st/stm32cubeide_1.8.0/stm32cubeide/plugins/com.st.stm32cube.ide.mcu.externaltools.gnu-tools-for-stm32.10.3-2021.10.win32_1.0.0.202111181127/tools/bin/../lib/gcc/arm-none-eabi/10.3.1/thumb/v6-m/nofp\libgcc.a(_udivmoddi4.o)
