Archive member included to satisfy reference by file (symbol)

c:/st/stm32cubeide_1.8.0/stm32cubeide/plugins/com.st.stm32cube.ide.mcu.externaltools.gnu-tools-for-stm32.10.3-2021.10.win32_1.0.0.202111181127/tools/bin/../lib/gcc/arm-none-eabi/10.3.1/../../../../arm-none-eabi/lib/thumb/v6-m/nofp\libc_nano.a(lib_a-errno.o)
                              ./Core/Src/syscalls.o (__errno)
c:/st/stm32cubeide_1.8.0/stm32cubeide/plugins/com.st.stm32cube.ide.mcu.externaltools.gnu-tools-for-stm32.10.3-2021.10.win32_1.0.0.202111181127/tools/bin/../lib/gcc/arm-none-eabi/10.3.1/../../../../arm-none-eabi/lib/thumb/v6-m/nofp\libc_nano.a(lib_a-exit.o)
                              c:/st/stm32cubeide_1.8.0/stm32cubeide/plugins/com.st.stm32cube.ide.mcu.externaltools.gnu-tools-for-stm32.10.3-2021.10.win32_1.0.0.202111181127/tools/bin/../lib/gcc/arm-none-eabi/10.3.1/../../../../arm-none-eabi/lib/thumb/v6-m/nofp/crt0.o (exit)
c:/st/stm32cubeide_1.8.0/stm32cubeide/plugins/com.st.stm32cube.ide.mcu.externaltools.gnu-tools-for-stm32.10.3-2021.10.win32_1.0.0.202111181127/tools/bin/../lib/gcc/arm-none-eabi/10.3.1/../../../../arm-none-eabi/lib/thumb/v6-m/nofp\libc_nano.a(lib_a-impure.o)
                              c:/st/stm32cubeide_1.8.0/stm32cubeide/plugins/com.st.stm32cube.ide.mcu.externaltools.gnu-tools-for-stm32.10.3-2021.10.win32_1.0.0.202111181127/tools/bin/../lib/gcc/arm-none-eabi/10.3.1/../../../../arm-none-eabi/lib/thumb/v6-m/nofp\libc_nano.a(lib_a-exit.o) (_global_impure_ptr)
c:/st/stm32cubeide_1.8.0/stm32cubeide/plugins/com.st.stm32cube.ide.mcu.externaltools.gnu-tools-for-stm32.10.3-2021.10.win32_1.0.0.202111181127/tools/bin/../lib/gcc/arm-none-eabi/10.3.1/../../../../arm-none-eabi/lib/thumb/v6-m/nofp\libc_nano.a(lib_a-init.o)
                              c:/st/stm32cubeide_1.8.0/stm32cubeide/plugins/com.st.stm32cube.ide.mcu.externaltools.gnu-tools-for-stm32.10.3-2021.10.win32_1.0.0.202111181127/tools/bin/../lib/gcc/arm-none-eabi/10.3.1/../../../../arm-none-eabi/lib/thumb/v6-m/nofp/crt0.o (__libc_init_array)
c:/st/stm32cubeide_1.8.0/stm32cubeide/plugins/com.st.stm32cube.ide.mcu.externaltools.gnu-tools-for-stm32.10.3-2021.10.win32_1.0.0.202111181127/tools/bin/../lib/gcc/arm-none-eabi/10.3.1/../../../../arm-none-eabi/lib/thumb/v6-m/nofp\libc_nano.a(lib_a-malloc.o)
                              ./Core/ThreadSafe/newlib_lock_glue.o (malloc)
c:/st/stm32cubeide_1.8.0/stm32cubeide/plugins/com.st.stm32cube.ide.mcu.externaltools.gnu-tools-for-stm32.10.3-2021.10.win32_1.0.0.202111181127/tools/bin/../lib/gcc/arm-none-eabi/10.3.1/../../../../arm-none-eabi/lib/thumb/v6-m/nofp\libc_nano.a(lib_a-memset.o)
                              c:/st/stm32cubeide_1.8.0/stm32cubeide/plugins/com.st.stm32cube.ide.mcu.externaltools.gnu-tools-for-stm32.10.3-2021.10.win32_1.0.0.202111181127/tools/bin/../lib/gcc/arm-none-eabi/10.3.1/../../../../arm-none-eabi/lib/thumb/v6-m/nofp/crt0.o (memset)
c:/st/stm32cubeide_1.8.0/stm32cubeide/plugins/com.st.stm32cube.ide.mcu.externaltools.gnu-tools-for-stm32.10.3-2021.10.win32_1.0.0.202111181127/tools/bin/../lib/gcc/arm-none-eabi/10.3.1/../../../../arm-none-eabi/lib/thumb/v6-m/nofp\libc_nano.a(lib_a-nano-freer.o)
                              c:/st/stm32cubeide_1.8.0/stm32cubeide/plugins/com.st.stm32cube.ide.mcu.externaltools.gnu-tools-for-stm32.10.3-2021.10.win32_1.0.0.202111181127/tools/bin/../lib/gcc/arm-none-eabi/10.3.1/../../../../arm-none-eabi/lib/thumb/v6-m/nofp\libc_nano.a(lib_a-malloc.o) (_free_r)
c:/st/stm32cubeide_1.8.0/stm32cubeide/plugins/com.st.stm32cube.ide.mcu.externaltools.gnu-tools-for-stm32.10.3-2021.10.win32_1.0.0.202111181127/tools/bin/../lib/gcc/arm-none-eabi/10.3.1/../../../../arm-none-eabi/lib/thumb/v6-m/nofp\libc_nano.a(lib_a-nano-mallocr.o)
                              c:/st/stm32cubeide_1.8.0/stm32cubeide/plugins/com.st.stm32cube.ide.mcu.externaltools.gnu-tools-for-stm32.10.3-2021.10.win32_1.0.0.202111181127/tools/bin/../lib/gcc/arm-none-eabi/10.3.1/../../../../arm-none-eabi/lib/thumb/v6-m/nofp\libc_nano.a(lib_a-malloc.o) (_malloc_r)
c:/st/stm32cubeide_1.8.0/stm32cubeide/plugins/com.st.stm32cube.ide.mcu.externaltools.gnu-tools-for-stm32.10.3-2021.10.win32_1.0.0.202111181127/tools/bin/../lib/gcc/arm-none-eabi/10.3.1/../../../../arm-none-eabi/lib/thumb/v6-m/nofp\libc_nano.a(lib_a-sbrkr.o)
                              c:/st/stm32cubeide_1.8.0/stm32cubeide/plugins/com.st.stm32cube.ide.mcu.externaltools.gnu-tools-for-stm32.10.3-2021.10.win32_1.0.0.202111181127/tools/bin/../lib/gcc/arm-none-eabi/10.3.1/../../../../arm-none-eabi/lib/thumb/v6-m/nofp\libc_nano.a(lib_a-nano-mallocr.o) (_sbrk_r)
c:/st/stm32cubeide_1.8.0/stm32cubeide/plugins/com.st.stm32cube.ide.mcu.externaltools.gnu-tools-for-stm32.10.3-2021.10.win32_1.0.0.202111181127/tools/bin/../lib/gcc/arm-none-eabi/10.3.1/../../../../arm-none-eabi/lib/thumb/v6-m/nofp\libc_nano.a(lib_a-mlock.o)
[...]
Memory Configuration

Name             Origin             Length             Attributes
RAM              0x0000000020000000 0x0000000000002000 xrw
FLASH            0x0000000008000000 0x0000000000010000 xr
*default*        0x0000000000000000 0xffffffffffffffff

Linker script and memory map

LOAD c:/st/stm32cubeide_1.8.0/stm32cubeide/plugins/com.st.stm32cube.ide.mcu.externaltools.gnu-tools-for-stm32.10.3-2021.10.win32_1.0.0.202111181127/tools/bin/../lib/gcc/arm-none-eabi/10.3.1/thumb/v6-m/nofp/crti.o
LOAD c:/st/stm32cubeide_1.8.0/stm32cubeide/plugins/com.st.stm32cube.ide.mcu.externaltools.gnu-tools-for-stm32.10.3-2021.10.win32_1.0.0.202111181127/tools/bin/../lib/gcc/arm-none-eabi/10.3.1/thumb/v6-m/nofp/crtbegin.o
LOAD c:/st/stm32cubeide_1.8.0/stm32cubeide/plugins/com.st.stm32cube.ide.mcu.externaltools.gnu-tools-for-stm32.10.3-2021.10.win32_1.0.0.202111181127/tools/bin/../lib/gcc/arm-none-eabi/10.3.1/../../../../arm-none-eabi/lib/thumb/v6-m/nofp/crt0.o
LOAD ./Core/Src/main.o
LOAD ./Core/Src/stm32g0xx_hal_msp.o
LOAD ./Core/Src/stm32g0xx_it.o
LOAD ./Core/Src/syscalls.o
LOAD ./Core/Src/sysmem.o
LOAD ./Core/Src/system_stm32g0xx.o
LOAD ./Core/Startup/startup_stm32g031c8ux.o
LOAD ./Core/ThreadSafe/newlib_lock_glue.o
LOAD ./Drivers/STM32G0xx_HAL_Driver/stm32g0xx_hal.o
LOAD ./Drivers/STM32G0xx_HAL_Driver/stm32g0xx_hal_adc.o
LOAD ./Drivers/STM32G0xx_HAL_Driver/stm32g0xx_hal_adc_ex.o
LOAD ./Drivers/STM32G0xx_HAL_Driver/stm32g0xx_hal_cortex.o
LOAD ./Drivers/STM32G0xx_HAL_Driver/stm32g0xx_hal_dma.o
LOAD ./Drivers/STM32G0xx_HAL_Driver/stm32g0xx_hal_dma_ex.o
LOAD ./Drivers/STM32G0xx_HAL_Driver/stm32g0xx_hal_exti.o
LOAD ./Drivers/STM32G0xx_HAL_Driver/stm32g0xx_hal_flash.o
LOAD ./Drivers/STM32G0xx_HAL_Driver/stm32g0xx_hal_flash_ex.o
LOAD ./Drivers/STM32G0xx_HAL_Driver/stm32g0xx_hal_gpio.o
LOAD ./Drivers/STM32G0xx_HAL_Driver/stm32g0xx_hal_i2c.o
LOAD ./Drivers/STM32G0xx_HAL_Driver/stm32g0xx_hal_i2c_ex.o
LOAD ./Drivers/STM32G0xx_HAL_Driver/stm32g0xx_hal_pwr.o
LOAD ./Drivers/STM32G0xx_HAL_Driver/stm32g0xx_hal_pwr_ex.o
LOAD ./Drivers/STM32G0xx_HAL_Driver/stm32g0xx_hal_rcc.o
LOAD ./Drivers/STM32G0xx_HAL_Driver/stm32g0xx_hal_rcc_ex.o
LOAD ./Drivers/STM32G0xx_HAL_Driver/stm32g0xx_hal_tim.o
LOAD ./Drivers/STM32G0xx_HAL_Driver/stm32g0xx_hal_tim_ex.o
LOAD ./Drivers/STM32G0xx_HAL_Driver/stm32g0xx_hal_uart.o
LOAD ./Drivers/STM32G0xx_HAL_Driver/stm32g0xx_hal_uart_ex.o
LOAD ./Drivers/STM32G0xx_HAL_Driver/stm32g0xx_ll_adc.o
LOAD ./Drivers/STM32G0xx_HAL_Driver/stm32g0xx_ll_dma.o
LOAD ./Drivers/STM32G0xx_HAL_Driver/stm32g0xx_ll_rcc.o
START GROUP
LOAD c:/st/stm32cubeide_1.8.0/stm32cubeide/plugins/com.st.stm32cube.ide.mcu.externaltools.gnu-tools-for-stm32.10.3-2021.10.win32_1.0.0.202111181127/tools/bin/../lib/gcc/arm-none-eabi/10.3.1/../../../../arm-none-eabi/lib/thumb/v6-m/nofp\libc_nano.a
LOAD c:/st/stm32cubeide_1.8.0/stm32cubeide/plugins/com.st.stm32cube.ide.mcu.externaltools.gnu-tools-for-stm32.10.3-2021.10.win32_1.0.0.202111181127/tools/bin/../lib/gcc/arm-none-eabi/10.3.1/../../../../arm-none-eabi/lib/thumb/v6-m/nofp\libm.a
END GROUP
START GROUP
LOAD c:/st/stm32cubeide_1.8.0/stm32cubeide/plugins/com.st.stm32cube.ide.mcu.externaltools.gnu-tools-for-stm32.10.3-2021.10.win32_1.0.0.202111181127/tools/bin/../lib/gcc/arm-none-eabi/10.3.1/thumb/v6-m/nofp\libgcc.a
LOAD c:/st/stm32cubeide_1.8.0/stm32cubeide/plugins/com.st.stm32cube.ide.mcu.externaltools.gnu-tools-for-stm32.10.3-2021.10.win32_1.0.0.202111181127/tools/bin/../lib/gcc/arm-none-eabi/10.3.1/../../../../arm-none-eabi/lib/thumb/v6-m/nofp\libc_nano.a
END GROUP
START GROUP
LOAD c:/st/stm32cubeide_1.8.0/stm32cubeide/plugins/com.st.stm32cube.ide.mcu.externaltools.gnu-tools-for-stm32.10.3-2021.10.win32_1.0.0.202111181127/tools/bin/../lib/gcc/arm-none-eabi/10.3.1/thumb/v6-m/nofp\libgcc.a
LOAD c:/st/stm32cubeide_1.8.0/stm32cubeide/plugins/com.st.stm32cube.ide.mcu.externaltools.gnu-tools-for-stm32.10.3-2021.10.win32_1.0.0.202111181127/tools/bin/../lib/gcc/arm-none-eabi/10.3.1/../../../../arm-none-eabi/lib/thumb/v6-m/nofp\libc_nano.a
LOAD c:/st/stm32cubeide_1.8.0/stm32cubeide/plugins/com.st.stm32cube.ide.mcu.externaltools.gnu-tools-for-stm32.10.3-2021.10.win32_1.0.0.202111181127/tools/bin/../lib/gcc/arm-none-eabi/10.3.1/../../../../arm-none-eabi/lib/thumb/v6-m/nofp\libnosys.a
END GROUP
START GROUP
LOAD c:/st/stm32cubeide_1.8.0/stm32cubeide/plugins/com.st.stm32cube.ide.mcu.externaltools.gnu-tools-for-stm32.10.3-2021.10.win32_1.0.0.202111181127/tools/bin/../lib/gcc/arm-none-eabi/10.3.1/thumb/v6-m/nofp\libgcc.a
LOAD c:/st/stm32cubeide_1.8.0/stm32cubeide/plugins/com.st.stm32cube.ide.mcu.externaltools.gnu-tools-for-stm32.10.3-2021.10.win32_1.0.0.202111181127/tools/bin/../lib/gcc/arm-none-eabi/10.3.1/../../../../arm-none-eabi/lib/thumb/v6-m/nofp\libc_nano.a
LOAD c:/st/stm32cubeide_1.8.0/stm32cubeide/plugins/com.st.stm32cube.ide.mcu.externaltools.gnu-tools-for-stm32.10.3-2021.10.win32_1.0.0.202111181127/tools/bin/../lib/gcc/arm-none-eabi/10.3.1/../../../../arm-none-eabi/lib/thumb/v6-m/nofp\libnosys.a
END GROUP
LOAD c:/st/stm32cubeide_1.8.0/stm32cubeide/plugins/com.st.stm32cube.ide.mcu.externaltools.gnu-tools-for-stm32.10.3-2021.10.win32_1.0.0.202111181127/tools/bin/../lib/gcc/arm-none-eabi/10.3.1/thumb/v6-m/nofp/crtend.o
LOAD c:/st/stm32cubeide_1.8.0/stm32cubeide/plugins/com.st.stm32cube.ide.mcu.externaltools.gnu-tools-for-stm32.10.3-2021.10.win32_1.0.0.202111181127/tools/bin/../lib/gcc/arm-none-eabi/10.3.1/thumb/v6-m/nofp/crtn.o
                0x0000000020002000                _estack = (ORIGIN (RAM) + LENGTH (RAM))
                0x0000000000000200                _Min_Heap_Size = 0x200
                0x0000000000000400                _Min_Stack_Size = 0x400

.isr_vector     0x0000000008000000       0xbc
                0x0000000008000000                . = ALIGN (0x4)
 *(.isr_vector)
 .isr_vector    0x0000000008000000       0xbc ./Core/Startup/startup_stm32g031c8ux.o
                0x0000000008000000                g_pfnVectors
                0x00000000080000bc                . = ALIGN (0x4)

.text           0x00000000080000bc     0x2c60
                0x00000000080000bc                . = ALIGN (0x4)
 *(.text)
 .text          0x00000000080000bc       0x48 c:/st/stm32cubeide_1.8.0/stm32cubeide/plugins/com.st.stm32cube.ide.mcu.externaltools.gnu-tools-for-stm32.10.3-2021.10.win32_1.0.0.202111181127/tools/bin/../lib/gcc/arm-none-eabi/10.3.1/thumb/v6-m/nofp/crtbegin.o
 .text          0x0000000008000104       0x14 c:/st/stm32cubeide_1.8.0/stm32cubeide/plugins/com.st.stm32cube.ide.mcu.externaltools.gnu-tools-for-stm32.10.3-2021.10.win32_1.0.0.202111181127/tools/bin/../lib/gcc/arm-none-eabi/10.3.1/thumb/v6-m/nofp\libgcc.a(_thumb1_case_sqi.o)
                0x0000000008000104                __gnu_thumb1_case_sqi
 .text          0x0000000008000118       0x14 c:/st/stm32cubeide_1.8.0/stm32cubeide/plugins/com.st.stm32cube.ide.mcu.externaltools.gnu-tools-for-stm32.10.3-2021.10.win32_1.0.0.202111181127/tools/bin/../lib/gcc/arm-none-eabi/10.3.1/thumb/v6-m/nofp\libgcc.a(_thumb1_case_uqi.o)
                0x0000000008000118                __gnu_thumb1_case_uqi
 .text          0x000000000800012c      0x114 c:/st/stm32cubeide_1.8.0/stm32cubeide/plugins/com.st.stm32cube.ide.mcu.externaltools.gnu-tools-for-stm32.10.3-2021.10.win32_1.0.0.202111181127/tools/bin/../lib/gcc/arm-none-eabi/10.3.1/thumb/v6-m/nofp\libgcc.a(_udivsi3.o)
                0x000000000800012c                __aeabi_uidiv
                0x000000000800012c                __udivsi3
                0x0000000008000238                __aeabi_uidivmod
 .text          0x0000000008000240      0x1d4 c:/st/stm32cubeide_1.8.0/stm32cubeide/plugins/com.st.stm32cube.ide.mcu.externaltools.gnu-tools-for-stm32.10.3-2021.10.win32_1.0.0.202111181127/tools/bin/../lib/gcc/arm-none-eabi/10.3.1/thumb/v6-m/nofp\libgcc.a(_divsi3.o)
                0x0000000008000240                __divsi3
                0x0000000008000240                __aeabi_idiv
                0x000000000800040c                __aeabi_idivmod
 .text          0x0000000008000414        0x4 c:/st/stm32cubeide_1.8.0/stm32cubeide/plugins/com.st.stm32cube.ide.mcu.externaltools.gnu-tools-for-stm32.10.3-2021.10.win32_1.0.0.202111181127/tools/bin/../lib/gcc/arm-none-eabi/10.3.1/thumb/v6-m/nofp\libgcc.a(_dvmd_tls.o)
                0x0000000008000414                __aeabi_idiv0
                0x0000000008000414                __aeabi_ldiv0
 .text          0x0000000008000418       0x40 c:/st/stm32cubeide_1.8.0/stm32cubeide/plugins/com.st.stm32cube.ide.mcu.externaltools.gnu-tools-for-stm32.10.3-2021.10.win32_1.0.0.202111181127/tools/bin/../lib/gcc/arm-none-eabi/10.3.1/thumb/v6-m/nofp\libgcc.a(_aeabi_uldivmod.o)
                0x0000000008000418                __aeabi_uldivmod
 .text          0x0000000008000458      0x198 c:/st/stm32cubeide_1.8.0/stm32cubeide/plugins/com.st.stm32cube.ide.mcu.externaltools.gnu-tools-for-stm32.10.3-2021.10.win32_1.0.0.202111181127/tools/bin/../lib/gcc/arm-none-eabi/10.3.1/thumb/v6-m/nofp\libgcc.a(_udivmoddi4.o)
                0x0000000008000458                __udivmoddi4
 .text          0x00000000080005f0       0x18 c:/st/stm32cubeide_1.8.0/stm32cubeide/plugins/com.st.stm32cube.ide.mcu.externaltools.gnu-tools-for-stm32.10.3-2021.10.win32_1.0.0.202111181127/tools/bin/../lib/gcc/arm-none-eabi/10.3.1/thumb/v6-m/nofp\libgcc.a(_clzdi2.o)
                0x00000000080005f0                __clzdi2
 .text          0x0000000008000608       0x3c c:/st/stm32cubeide_1.8.0/stm32cubeide/plugins/com.st.stm32cube.ide.mcu.externaltools.gnu-tools-for-stm32.10.3-2021.10.win32_1.0.0.202111181127/tools/bin/../lib/gcc/arm-none-eabi/10.3.1/thumb/v6-m/nofp\libgcc.a(_clzsi2.o)
                0x0000000008000608                __clzsi2
 *(.text*)
 .text.SystemClock_Config
                0x0000000008000644       0x5c ./Core/Src/main.o
                0x0000000008000644                SystemClock_Config
 .text.startup.main
                0x00000000080006a0      0x384 ./Core/Src/main.o
                0x00000000080006a0                main
 .text.Error_Handler
                0x0000000008000a24        0x4 ./Core/Src/main.o
                0x0000000008000a24                Error_Handler
 .text.HAL_MspInit
                0x0000000008000a28       0x30 ./Core/Src/stm32g0xx_hal_msp.o
                0x0000000008000a28                HAL_MspInit
 .text.HAL_ADC_MspInit
                0x0000000008000a58       0xe0 ./Core/Src/stm32g0xx_hal_msp.o
                0x0000000008000a58                HAL_ADC_MspInit
 .text.HAL_I2C_MspInit
                0x0000000008000b38       0x84 ./Core/Src/stm32g0xx_hal_msp.o
                0x0000000008000b38                HAL_I2C_MspInit
 .text.HAL_UART_MspInit
                0x0000000008000bbc       0x90 ./Core/Src/stm32g0xx_hal_msp.o
                0x0000000008000bbc                HAL_UART_MspInit
 .text.NMI_Handler
                0x0000000008000c4c        0x2 ./Core/Src/stm32g0xx_it.o
                0x0000000008000c4c                NMI_Handler
 .text.HardFault_Handler
                0x0000000008000c4e        0x2 ./Core/Src/stm32g0xx_it.o
                0x0000000008000c4e                HardFault_Handler
 .text.SVC_Handler
                0x0000000008000c50        0x2 ./Core/Src/stm32g0xx_it.o
                0x0000000008000c50                SVC_Handler
 .text.PendSV_Handler
                0x0000000008000c52        0x2 ./Core/Src/stm32g0xx_it.o
                0x0000000008000c52                PendSV_Handler
 .text.SysTick_Handler
                0x0000000008000c54        0x8 ./Core/Src/stm32g0xx_it.o
                0x0000000008000c54                SysTick_Handler
 .text.DMA1_Channel1_IRQHandler
                0x0000000008000c5c       0x10 ./Core/Src/stm32g0xx_it.o
                0x0000000008000c5c                DMA1_Channel1_IRQHandler
 .text.USART1_IRQHandler
                0x0000000008000c6c       0x10 ./Core/Src/stm32g0xx_it.o
                0x0000000008000c6c                USART1_IRQHandler
 .text.SystemInit
                0x0000000008000c7c        0x2 ./Core/Src/system_stm32g0xx.o
                0x0000000008000c7c                SystemInit
 *fill*         0x0000000008000c7e        0x2 
 .text.Reset_Handler
                0x0000000008000c80       0x50 ./Core/Startup/startup_stm32g031c8ux.o
                0x0000000008000c80                Reset_Handler
 .text.Default_Handler
                0x0000000008000cd0        0x2 ./Core/Startup/startup_stm32g031c8ux.o
                0x0000000008000cd0                TIM1_CC_IRQHandler
                0x0000000008000cd0                PVD_IRQHandler
                0x0000000008000cd0                I2C1_IRQHandler
                0x0000000008000cd0                LPTIM2_IRQHandler
                0x0000000008000cd0                RTC_TAMP_IRQHandler
                0x0000000008000cd0                SPI1_IRQHandler
                0x0000000008000cd0                DMA1_Ch4_5_DMAMUX1_OVR_IRQHandler
                0x0000000008000cd0                EXTI2_3_IRQHandler
                0x0000000008000cd0                ADC1_IRQHandler
                0x0000000008000cd0                I2C2_IRQHandler
                0x0000000008000cd0                TIM17_IRQHandler
                0x0000000008000cd0                TIM16_IRQHandler
                0x0000000008000cd0                TIM3_IRQHandler
                0x0000000008000cd0                EXTI4_15_IRQHandler
                0x0000000008000cd0                RCC_IRQHandler
                0x0000000008000cd0                Default_Handler
                0x0000000008000cd0                TIM14_IRQHandler
                0x0000000008000cd0                EXTI0_1_IRQHandler
                0x0000000008000cd0                SPI2_IRQHandler
                0x0000000008000cd0                WWDG_IRQHandler
                0x0000000008000cd0                LPUART1_IRQHandler
                0x0000000008000cd0                TIM2_IRQHandler
                0x0000000008000cd0                DMA1_Channel2_3_IRQHandler
                0x0000000008000cd0                USART2_IRQHandler
                0x0000000008000cd0                FLASH_IRQHandler
                0x0000000008000cd0                TIM1_BRK_UP_TRG_COM_IRQHandler
                0x0000000008000cd0                LPTIM1_IRQHandler
 *fill*         0x0000000008000cd2        0x2 
 .text.HAL_InitTick
                0x0000000008000cd4       0x50 ./Drivers/STM32G0xx_HAL_Driver/stm32g0xx_hal.o
                0x0000000008000cd4                HAL_InitTick
 .text.HAL_Init
                0x0000000008000d24       0x28 ./Drivers/STM32G0xx_HAL_Driver/stm32g0xx_hal.o
                0x0000000008000d24                HAL_Init
 .text.HAL_IncTick
                0x0000000008000d4c       0x18 ./Drivers/STM32G0xx_HAL_Driver/stm32g0xx_hal.o
                0x0000000008000d4c                HAL_IncTick
 .text.HAL_GetTick
                0x0000000008000d64        0xc ./Drivers/STM32G0xx_HAL_Driver/stm32g0xx_hal.o
                0x0000000008000d64                HAL_GetTick
 .text.HAL_Delay
                0x0000000008000d70       0x24 ./Drivers/STM32G0xx_HAL_Driver/stm32g0xx_hal.o
                0x0000000008000d70                HAL_Delay
 .text.LL_ADC_REG_IsConversionOngoing
                0x0000000008000d94        0x8 ./Drivers/STM32G0xx_HAL_Driver/stm32g0xx_hal_adc.o
 .text.HAL_ADC_Init
                0x0000000008000d9c      0x228 ./Drivers/STM32G0xx_HAL_Driver/stm32g0xx_hal_adc.o
                0x0000000008000d9c                HAL_ADC_Init
 .text.HAL_ADC_ConvCpltCallback
                0x0000000008000fc4        0x2 ./Drivers/STM32G0xx_HAL_Driver/stm32g0xx_hal_adc.o
                0x0000000008000fc4                HAL_ADC_ConvCpltCallback
 .text.HAL_ADC_ConvHalfCpltCallback
                0x0000000008000fc6        0x2 ./Drivers/STM32G0xx_HAL_Driver/stm32g0xx_hal_adc.o
                0x0000000008000fc6                HAL_ADC_ConvHalfCpltCallback
 .text.ADC_DMAHalfConvCplt
                0x0000000008000fc8        0xa ./Drivers/STM32G0xx_HAL_Driver/stm32g0xx_hal_adc.o
 .text.HAL_ADC_ErrorCallback
                0x0000000008000fd2        0x2 ./Drivers/STM32G0xx_HAL_Driver/stm32g0xx_hal_adc.o
                0x0000000008000fd2                HAL_ADC_ErrorCallback
 .text.ADC_DMAError
                0x0000000008000fd4       0x1a ./Drivers/STM32G0xx_HAL_Driver/stm32g0xx_hal_adc.o
 *fill*         0x0000000008000fee        0x2 
 .text.ADC_DMAConvCplt
                0x0000000008000ff0       0x80 ./Drivers/STM32G0xx_HAL_Driver/stm32g0xx_hal_adc.o
 .text.HAL_ADC_ConfigChannel
                0x0000000008001070      0x24c ./Drivers/STM32G0xx_HAL_Driver/stm32g0xx_hal_adc.o
                0x0000000008001070                HAL_ADC_ConfigChannel
 .text.ADC_Enable
                0x00000000080012bc       0xb8 ./Drivers/STM32G0xx_HAL_Driver/stm32g0xx_hal_adc.o
                0x00000000080012bc                ADC_Enable
 .text.HAL_ADC_Start_DMA
                0x0000000008001374       0xb0 ./Drivers/STM32G0xx_HAL_Driver/stm32g0xx_hal_adc.o
                0x0000000008001374                HAL_ADC_Start_DMA
 .text.HAL_NVIC_SetPriority
                0x0000000008001424       0x54 ./Drivers/STM32G0xx_HAL_Driver/stm32g0xx_hal_cortex.o
                0x0000000008001424                HAL_NVIC_SetPriority
 .text.HAL_NVIC_EnableIRQ
                0x0000000008001478       0x18 ./Drivers/STM32G0xx_HAL_Driver/stm32g0xx_hal_cortex.o
                0x0000000008001478                HAL_NVIC_EnableIRQ
 .text.HAL_SYSTICK_Config
                0x0000000008001490       0x34 ./Drivers/STM32G0xx_HAL_Driver/stm32g0xx_hal_cortex.o
                0x0000000008001490                HAL_SYSTICK_Config
 .text.DMA_SetConfig
                0x00000000080014c4       0x40 ./Drivers/STM32G0xx_HAL_Driver/stm32g0xx_hal_dma.o
 .text.DMA_CalcDMAMUXChannelBaseAndMask
                0x0000000008001504       0x34 ./Drivers/STM32G0xx_HAL_Driver/stm32g0xx_hal_dma.o
 .text.HAL_DMA_Init
                0x0000000008001538       0xbc ./Drivers/STM32G0xx_HAL_Driver/stm32g0xx_hal_dma.o
                0x0000000008001538                HAL_DMA_Init
 .text.HAL_DMA_Start_IT
                0x00000000080015f4       0x92 ./Drivers/STM32G0xx_HAL_Driver/stm32g0xx_hal_dma.o
                0x00000000080015f4                HAL_DMA_Start_IT
 *fill*         0x0000000008001686        0x2 
 .text.HAL_DMA_Abort
                0x0000000008001688       0x7c ./Drivers/STM32G0xx_HAL_Driver/stm32g0xx_hal_dma.o
                0x0000000008001688                HAL_DMA_Abort
 .text.HAL_DMA_Abort_IT
                0x0000000008001704       0x78 ./Drivers/STM32G0xx_HAL_Driver/stm32g0xx_hal_dma.o
                0x0000000008001704                HAL_DMA_Abort_IT
 .text.HAL_DMA_IRQHandler
                0x000000000800177c       0xa8 ./Drivers/STM32G0xx_HAL_Driver/stm32g0xx_hal_dma.o
                0x000000000800177c                HAL_DMA_IRQHandler
 .text.HAL_GPIO_Init
                0x0000000008001824      0x15c ./Drivers/STM32G0xx_HAL_Driver/stm32g0xx_hal_gpio.o
                0x0000000008001824                HAL_GPIO_Init
 .text.HAL_GPIO_ReadPin
                0x0000000008001980        0xc ./Drivers/STM32G0xx_HAL_Driver/stm32g0xx_hal_gpio.o
                0x0000000008001980                HAL_GPIO_ReadPin
 .text.HAL_GPIO_WritePin
                0x000000000800198c        0xc ./Drivers/STM32G0xx_HAL_Driver/stm32g0xx_hal_gpio.o
                0x000000000800198c                HAL_GPIO_WritePin
 .text.HAL_GPIO_TogglePin
                0x0000000008001998       0x10 ./Drivers/STM32G0xx_HAL_Driver/stm32g0xx_hal_gpio.o
                0x0000000008001998                HAL_GPIO_TogglePin
 .text.HAL_I2C_Init
                0x00000000080019a8       0xac ./Drivers/STM32G0xx_HAL_Driver/stm32g0xx_hal_i2c.o
                0x00000000080019a8                HAL_I2C_Init
 .text.HAL_I2CEx_ConfigAnalogFilter
                0x0000000008001a54       0x4c ./Drivers/STM32G0xx_HAL_Driver/stm32g0xx_hal_i2c_ex.o
                0x0000000008001a54                HAL_I2CEx_ConfigAnalogFilter
 .text.HAL_I2CEx_ConfigDigitalFilter
                0x0000000008001aa0       0x48 ./Drivers/STM32G0xx_HAL_Driver/stm32g0xx_hal_i2c_ex.o
                0x0000000008001aa0                HAL_I2CEx_ConfigDigitalFilter
 .text.HAL_PWREx_ControlVoltageScaling
                0x0000000008001ae8       0x58 ./Drivers/STM32G0xx_HAL_Driver/stm32g0xx_hal_pwr_ex.o
                0x0000000008001ae8                HAL_PWREx_ControlVoltageScaling
 .text.HAL_RCC_OscConfig
                0x0000000008001b40      0x448 ./Drivers/STM32G0xx_HAL_Driver/stm32g0xx_hal_rcc.o
                0x0000000008001b40                HAL_RCC_OscConfig
 .text.HAL_RCC_GetSysClockFreq
                0x0000000008001f88       0x8c ./Drivers/STM32G0xx_HAL_Driver/stm32g0xx_hal_rcc.o
                0x0000000008001f88                HAL_RCC_GetSysClockFreq
 .text.HAL_RCC_ClockConfig
                0x0000000008002014      0x15c ./Drivers/STM32G0xx_HAL_Driver/stm32g0xx_hal_rcc.o
                0x0000000008002014                HAL_RCC_ClockConfig
 .text.HAL_RCC_GetPCLK1Freq
                0x0000000008002170       0x28 ./Drivers/STM32G0xx_HAL_Driver/stm32g0xx_hal_rcc.o
                0x0000000008002170                HAL_RCC_GetPCLK1Freq
 .text.HAL_RCCEx_PeriphCLKConfig
                0x0000000008002198      0x1c4 ./Drivers/STM32G0xx_HAL_Driver/stm32g0xx_hal_rcc_ex.o
                0x0000000008002198                HAL_RCCEx_PeriphCLKConfig
 .text.UART_EndRxTransfer
                0x000000000800235c       0x64 ./Drivers/STM32G0xx_HAL_Driver/stm32g0xx_hal_uart.o
 .text.HAL_UART_TxCpltCallback
                0x00000000080023c0        0x2 ./Drivers/STM32G0xx_HAL_Driver/stm32g0xx_hal_uart.o
                0x00000000080023c0                HAL_UART_TxCpltCallback
 .text.HAL_UART_ErrorCallback
                0x00000000080023c2        0x2 ./Drivers/STM32G0xx_HAL_Driver/stm32g0xx_hal_uart.o
                0x00000000080023c2                HAL_UART_ErrorCallback
 .text.UART_DMAAbortOnError
                0x00000000080023c4       0x16 ./Drivers/STM32G0xx_HAL_Driver/stm32g0xx_hal_uart.o
 .text.HAL_UARTEx_RxEventCallback
                0x00000000080023da        0x2 ./Drivers/STM32G0xx_HAL_Driver/stm32g0xx_hal_uart.o
                0x00000000080023da                HAL_UARTEx_RxEventCallback
 .text.HAL_UART_IRQHandler
                0x00000000080023dc      0x328 ./Drivers/STM32G0xx_HAL_Driver/stm32g0xx_hal_uart.o
                0x00000000080023dc                HAL_UART_IRQHandler
 .text.UART_SetConfig
                0x0000000008002704      0x210 ./Drivers/STM32G0xx_HAL_Driver/stm32g0xx_hal_uart.o
                0x0000000008002704                UART_SetConfig
 .text.UART_AdvFeatureConfig
                0x0000000008002914       0xd0 ./Drivers/STM32G0xx_HAL_Driver/stm32g0xx_hal_uart.o
                0x0000000008002914                UART_AdvFeatureConfig
 .text.UART_WaitOnFlagUntilTimeout
                0x00000000080029e4       0xd0 ./Drivers/STM32G0xx_HAL_Driver/stm32g0xx_hal_uart.o
                0x00000000080029e4                UART_WaitOnFlagUntilTimeout
 .text.UART_CheckIdleState
                0x0000000008002ab4       0x6c ./Drivers/STM32G0xx_HAL_Driver/stm32g0xx_hal_uart.o
                0x0000000008002ab4                UART_CheckIdleState
 .text.HAL_UART_Init
                0x0000000008002b20       0x68 ./Drivers/STM32G0xx_HAL_Driver/stm32g0xx_hal_uart.o
                0x0000000008002b20                HAL_UART_Init
 .text.UARTEx_SetNbDataToProcess
                0x0000000008002b88       0x4c ./Drivers/STM32G0xx_HAL_Driver/stm32g0xx_hal_uart_ex.o
 .text.HAL_UARTEx_WakeupCallback
                0x0000000008002bd4        0x2 ./Drivers/STM32G0xx_HAL_Driver/stm32g0xx_hal_uart_ex.o
                0x0000000008002bd4                HAL_UARTEx_WakeupCallback
 .text.HAL_UARTEx_RxFifoFullCallback
                0x0000000008002bd6        0x2 ./Drivers/STM32G0xx_HAL_Driver/stm32g0xx_hal_uart_ex.o
                0x0000000008002bd6                HAL_UARTEx_RxFifoFullCallback
 .text.HAL_UARTEx_TxFifoEmptyCallback
                0x0000000008002bd8        0x2 ./Drivers/STM32G0xx_HAL_Driver/stm32g0xx_hal_uart_ex.o
                0x0000000008002bd8                HAL_UARTEx_TxFifoEmptyCallback
 *fill*         0x0000000008002bda        0x2 
 .text.HAL_UARTEx_DisableFifoMode
                0x0000000008002bdc       0x3c ./Drivers/STM32G0xx_HAL_Driver/stm32g0xx_hal_uart_ex.o
                0x0000000008002bdc                HAL_UARTEx_DisableFifoMode
 .text.HAL_UARTEx_SetTxFifoThreshold
                0x0000000008002c18       0x48 ./Drivers/STM32G0xx_HAL_Driver/stm32g0xx_hal_uart_ex.o
                0x0000000008002c18                HAL_UARTEx_SetTxFifoThreshold
 .text.HAL_UARTEx_SetRxFifoThreshold
                0x0000000008002c60       0x4c ./Drivers/STM32G0xx_HAL_Driver/stm32g0xx_hal_uart_ex.o
                0x0000000008002c60                HAL_UARTEx_SetRxFifoThreshold
 .text.__libc_init_array
                0x0000000008002cac       0x48 c:/st/stm32cubeide_1.8.0/stm32cubeide/plugins/com.st.stm32cube.ide.mcu.externaltools.gnu-tools-for-stm32.10.3-2021.10.win32_1.0.0.202111181127/tools/bin/../lib/gcc/arm-none-eabi/10.3.1/../../../../arm-none-eabi/lib/thumb/v6-m/nofp\libc_nano.a(lib_a-init.o)
                0x0000000008002cac                __libc_init_array
 .text.memset   0x0000000008002cf4       0x10 c:/st/stm32cubeide_1.8.0/stm32cubeide/plugins/com.st.stm32cube.ide.mcu.externaltools.gnu-tools-for-stm32.10.3-2021.10.win32_1.0.0.202111181127/tools/bin/../lib/gcc/arm-none-eabi/10.3.1/../../../../arm-none-eabi/lib/thumb/v6-m/nofp\libc_nano.a(lib_a-memset.o)
                0x0000000008002cf4                memset
 *(.glue_7)
 .glue_7        0x0000000008002d04        0x0 linker stubs
 *(.glue_7t)
 .glue_7t       0x0000000008002d04        0x0 linker stubs
 *(.eh_frame)
 .eh_frame      0x0000000008002d04        0x0 c:/st/stm32cubeide_1.8.0/stm32cubeide/plugins/com.st.stm32cube.ide.mcu.externaltools.gnu-tools-for-stm32.10.3-2021.10.win32_1.0.0.202111181127/tools/bin/../lib/gcc/arm-none-eabi/10.3.1/thumb/v6-m/nofp/crtbegin.o
 *(.init)
 .init          0x0000000008002d04        0x4 c:/st/stm32cubeide_1.8.0/stm32cubeide/plugins/com.st.stm32cube.ide.mcu.externaltools.gnu-tools-for-stm32.10.3-2021.10.win32_1.0.0.202111181127/tools/bin/../lib/gcc/arm-none-eabi/10.3.1/thumb/v6-m/nofp/crti.o
                0x0000000008002d04                _init
 .init          0x0000000008002d08        0x8 c:/st/stm32cubeide_1.8.0/stm32cubeide/plugins/com.st.stm32cube.ide.mcu.externaltools.gnu-tools-for-stm32.10.3-2021.10.win32_1.0.0.202111181127/tools/bin/../lib/gcc/arm-none-eabi/10.3.1/thumb/v6-m/nofp/crtn.o
 *(.fini)
 .fini          0x0000000008002d10        0x4 c:/st/stm32cubeide_1.8.0/stm32cubeide/plugins/com.st.stm32cube.ide.mcu.externaltools.gnu-tools-for-stm32.10.3-2021.10.win32_1.0.0.202111181127/tools/bin/../lib/gcc/arm-none-eabi/10.3.1/thumb/v6-m/nofp/crti.o
                0x0000000008002d10                _fini
 .fini          0x0000000008002d14        0x8 c:/st/stm32cubeide_1.8.0/stm32cubeide/plugins/com.st.stm32cube.ide.mcu.externaltools.gnu-tools-for-stm32.10.3-2021.10.win32_1.0.0.202111181127/tools/bin/../lib/gcc/arm-none-eabi/10.3.1/thumb/v6-m/nofp/crtn.o
                0x0000000008002d1c                . = ALIGN (0x4)
                0x0000000008002d1c                _etext = .

.vfp11_veneer   0x0000000008002d1c        0x0
 .vfp11_veneer  0x0000000008002d1c        0x0 linker stubs

.v4_bx          0x0000000008002d1c        0x0
 .v4_bx         0x0000000008002d1c        0x0 linker stubs

.iplt           0x0000000008002d1c        0x0
 .iplt          0x0000000008002d1c        0x0 c:/st/stm32cubeide_1.8.0/stm32cubeide/plugins/com.st.stm32cube.ide.mcu.externaltools.gnu-tools-for-stm32.10.3-2021.10.win32_1.0.0.202111181127/tools/bin/../lib/gcc/arm-none-eabi/10.3.1/thumb/v6-m/nofp/crtbegin.o

.rodata         0x0000000008002d1c       0x8c
                0x0000000008002d1c                . = ALIGN (0x4)
 *(.rodata)
 *(.rodata*)
 .rodata.AHBPrescTable
                0x0000000008002d1c       0x40 ./Core/Src/system_stm32g0xx.o
                0x0000000008002d1c                AHBPrescTable
 .rodata.APBPrescTable
                0x0000000008002d5c       0x20 ./Core/Src/system_stm32g0xx.o
                0x0000000008002d5c                APBPrescTable
 .rodata.CSWTCH.66
                0x0000000008002d7c        0x3 ./Drivers/STM32G0xx_HAL_Driver/stm32g0xx_hal_uart.o
 *fill*         0x0000000008002d7f        0x1 
 .rodata.UARTPrescTable
                0x0000000008002d80       0x18 ./Drivers/STM32G0xx_HAL_Driver/stm32g0xx_hal_uart.o
                0x0000000008002d80                UARTPrescTable
 .rodata.denominator.0
                0x0000000008002d98        0x8 ./Drivers/STM32G0xx_HAL_Driver/stm32g0xx_hal_uart_ex.o
 .rodata.numerator.1
                0x0000000008002da0        0x8 ./Drivers/STM32G0xx_HAL_Driver/stm32g0xx_hal_uart_ex.o
                0x0000000008002da8                . = ALIGN (0x4)

.ARM.extab      0x0000000008002da8        0x0
                0x0000000008002da8                . = ALIGN (0x4)
 *(.ARM.extab* .gnu.linkonce.armextab.*)
                0x0000000008002da8                . = ALIGN (0x4)

.ARM            0x0000000008002da8        0x8
                0x0000000008002da8                . = ALIGN (0x4)
                0x0000000008002da8                __exidx_start = .
 *(.ARM.exidx*)
 .ARM.exidx     0x0000000008002da8        0x8 c:/st/stm32cubeide_1.8.0/stm32cubeide/plugins/com.st.stm32cube.ide.mcu.externaltools.gnu-tools-for-stm32.10.3-2021.10.win32_1.0.0.202111181127/tools/bin/../lib/gcc/arm-none-eabi/10.3.1/thumb/v6-m/nofp\libgcc.a(_udivmoddi4.o)
                0x0000000008002db0                __exidx_end = .
                0x0000000008002db0                . = ALIGN (0x4)

.rel.dyn        0x0000000008002db0        0x0
 .rel.iplt      0x0000000008002db0        0x0 c:/st/stm32cubeide_1.8.0/stm32cubeide/plugins/com.st.stm32cube.ide.mcu.externaltools.gnu-tools-for-stm32.10.3-2021.10.win32_1.0.0.202111181127/tools/bin/../lib/gcc/arm-none-eabi/10.3.1/thumb/v6-m/nofp/crtbegin.o

.preinit_array  0x0000000008002db0        0x0
                0x0000000008002db0                . = ALIGN (0x4)
                0x0000000008002db0                PROVIDE (__preinit_array_start = .)
 *(.preinit_array*)
                0x0000000008002db0                PROVIDE (__preinit_array_end = .)
                0x0000000008002db0                . = ALIGN (0x4)

.init_array     0x0000000008002db0        0x4
                0x0000000008002db0                . = ALIGN (0x4)
                0x0000000008002db0                PROVIDE (__init_array_start = .)
 *(SORT_BY_NAME(.init_array.*))
 *(.init_array*)
 .init_array    0x0000000008002db0        0x4 c:/st/stm32cubeide_1.8.0/stm32cubeide/plugins/com.st.stm32cube.ide.mcu.externaltools.gnu-tools-for-stm32.10.3-2021.10.win32_1.0.0.202111181127/tools/bin/../lib/gcc/arm-none-eabi/10.3.1/thumb/v6-m/nofp/crtbegin.o
                0x0000000008002db4                PROVIDE (__init_array_end = .)
                0x0000000008002db4                . = ALIGN (0x4)

.fini_array     0x0000000008002db4        0x4
                0x0000000008002db4                . = ALIGN (0x4)
                [!provide]                        PROVIDE (__fini_array_start = .)
 *(SORT_BY_NAME(.fini_array.*))
 *(.fini_array*)
 .fini_array    0x0000000008002db4        0x4 c:/st/stm32cubeide_1.8.0/stm32cubeide/plugins/com.st.stm32cube.ide.mcu.externaltools.gnu-tools-for-stm32.10.3-2021.10.win32_1.0.0.202111181127/tools/bin/../lib/gcc/arm-none-eabi/10.3.1/thumb/v6-m/nofp/crtbegin.o
                [!provide]                        PROVIDE (__fini_array_end = .)
                0x0000000008002db8                . = ALIGN (0x4)
                0x0000000008002db8                _sidata = LOADADDR (.data)

.data           0x0000000020000000        0xc load address 0x0000000008002db8
                0x0000000020000000                . = ALIGN (0x4)
                0x0000000020000000                _sdata = .
 *(.data)
 *(.data*)
 .data.SystemCoreClock
                0x0000000020000000        0x4 ./Core/Src/system_stm32g0xx.o
                0x0000000020000000                SystemCoreClock
 .data.uwTickFreq
                0x0000000020000004        0x1 ./Drivers/STM32G0xx_HAL_Driver/stm32g0xx_hal.o
                0x0000000020000004                uwTickFreq
 *fill*         0x0000000020000005        0x3 
 .data.uwTickPrio
                0x0000000020000008        0x4 ./Drivers/STM32G0xx_HAL_Driver/stm32g0xx_hal.o
                0x0000000020000008                uwTickPrio
 *(.RamFunc)
 *(.RamFunc*)
                0x000000002000000c                . = ALIGN (0x4)
                0x000000002000000c                _edata = .

.igot.plt       0x000000002000000c        0x0 load address 0x0000000008002dc4
 .igot.plt      0x000000002000000c        0x0 c:/st/stm32cubeide_1.8.0/stm32cubeide/plugins/com.st.stm32cube.ide.mcu.externaltools.gnu-tools-for-stm32.10.3-2021.10.win32_1.0.0.202111181127/tools/bin/../lib/gcc/arm-none-eabi/10.3.1/thumb/v6-m/nofp/crtbegin.o
                0x000000002000000c                . = ALIGN (0x4)

.bss            0x000000002000000c      0x1ec load address 0x0000000008002dc4
                0x000000002000000c                _sbss = .
                0x000000002000000c                __bss_start__ = _sbss
 *(.bss)
 .bss           0x000000002000000c       0x1c c:/st/stm32cubeide_1.8.0/stm32cubeide/plugins/com.st.stm32cube.ide.mcu.externaltools.gnu-tools-for-stm32.10.3-2021.10.win32_1.0.0.202111181127/tools/bin/../lib/gcc/arm-none-eabi/10.3.1/thumb/v6-m/nofp/crtbegin.o
 *(.bss*)
 .bss.adc_value
                0x0000000020000028       0x28 ./Core/Src/main.o
                0x0000000020000028                adc_value
 .bss.button01  0x0000000020000050        0x4 ./Core/Src/main.o
                0x0000000020000050                button01
 .bss.hadc1     0x0000000020000054       0x64 ./Core/Src/main.o
                0x0000000020000054                hadc1
 .bss.hdma_adc1
                0x00000000200000b8       0x5c ./Core/Src/main.o
                0x00000000200000b8                hdma_adc1
 .bss.hi2c1     0x0000000020000114       0x4c ./Core/Src/main.o
                0x0000000020000114                hi2c1
 .bss.huart1    0x0000000020000160       0x90 ./Core/Src/main.o
                0x0000000020000160                huart1
 .bss.temp01    0x00000000200001f0        0x4 ./Core/Src/main.o
                0x00000000200001f0                temp01
 .bss.uwTick    0x00000000200001f4        0x4 ./Drivers/STM32G0xx_HAL_Driver/stm32g0xx_hal.o
                0x00000000200001f4                uwTick
 *(COMMON)
                0x00000000200001f8                . = ALIGN (0x4)
                0x00000000200001f8                _ebss = .
                0x00000000200001f8                __bss_end__ = _ebss

._user_heap_stack
                0x00000000200001f8      0x600 load address 0x0000000008002dc4
                0x00000000200001f8                . = ALIGN (0x8)
                [!provide]                        PROVIDE (end = .)
                0x00000000200001f8                PROVIDE (_end = .)
                0x00000000200003f8                . = (. + _Min_Heap_Size)
 *fill*         0x00000000200001f8      0x200 
                0x00000000200007f8                . = (. + _Min_Stack_Size)
 *fill*         0x00000000200003f8      0x400 
                0x00000000200007f8                . = ALIGN (0x8)

/DISCARD/
 libc.a(*)
 libm.a(*)
 libgcc.a(*)

.ARM.attributes
                0x0000000000000000       0x28
 *(.ARM.attributes)
 .ARM.attributes
                0x0000000000000000       0x1e c:/st/stm32cubeide_1.8.0/stm32cubeide/plugins/com.st.stm32cube.ide.mcu.externaltools.gnu-tools-for-stm32.10.3-2021.10.win32_1.0.0.202111181127/tools/bin/../lib/gcc/arm-none-eabi/10.3.1/thumb/v6-m/nofp/crti.o
 .ARM.attributes
                0x000000000000001e       0x2c c:/st/stm32cubeide_1.8.0/stm32cubeide/plugins/com.st.stm32cube.ide.mcu.externaltools.gnu-tools-for-stm32.10.3-2021.10.win32_1.0.0.202111181127/tools/bin/../lib/gcc/arm-none-eabi/10.3.1/thumb/v6-m/nofp/crtbegin.o
 .ARM.attributes
                0x000000000000004a       0x2c ./Core/Src/main.o
 .ARM.attributes
                0x0000000000000076       0x2c ./Core/Src/stm32g0xx_hal_msp.o
 .ARM.attributes
                0x00000000000000a2       0x2c ./Core/Src/stm32g0xx_it.o
 .ARM.attributes
                0x00000000000000ce       0x2c ./Core/Src/system_stm32g0xx.o
 .ARM.attributes
                0x00000000000000fa       0x22 ./Core/Startup/startup_stm32g031c8ux.o
 .ARM.attributes
                0x000000000000011c       0x2c ./Drivers/STM32G0xx_HAL_Driver/stm32g0xx_hal.o
 .ARM.attributes
                0x0000000000000148       0x2c ./Drivers/STM32G0xx_HAL_Driver/stm32g0xx_hal_adc.o
 .ARM.attributes
                0x0000000000000174       0x2c ./Drivers/STM32G0xx_HAL_Driver/stm32g0xx_hal_cortex.o
 .ARM.attributes
                0x00000000000001a0       0x2c ./Drivers/STM32G0xx_HAL_Driver/stm32g0xx_hal_dma.o
 .ARM.attributes
                0x00000000000001cc       0x2c ./Drivers/STM32G0xx_HAL_Driver/stm32g0xx_hal_gpio.o
 .ARM.attributes
                0x00000000000001f8       0x2c ./Drivers/STM32G0xx_HAL_Driver/stm32g0xx_hal_i2c.o
 .ARM.attributes
                0x0000000000000224       0x2c ./Drivers/STM32G0xx_HAL_Driver/stm32g0xx_hal_i2c_ex.o
 .ARM.attributes
                0x0000000000000250       0x2c ./Drivers/STM32G0xx_HAL_Driver/stm32g0xx_hal_pwr_ex.o
 .ARM.attributes
                0x000000000000027c       0x2c ./Drivers/STM32G0xx_HAL_Driver/stm32g0xx_hal_rcc.o
 .ARM.attributes
                0x00000000000002a8       0x2c ./Drivers/STM32G0xx_HAL_Driver/stm32g0xx_hal_rcc_ex.o
 .ARM.attributes
                0x00000000000002d4       0x2c ./Drivers/STM32G0xx_HAL_Driver/stm32g0xx_hal_uart.o
 .ARM.attributes
                0x0000000000000300       0x2c ./Drivers/STM32G0xx_HAL_Driver/stm32g0xx_hal_uart_ex.o
 .ARM.attributes
                0x000000000000032c       0x2c c:/st/stm32cubeide_1.8.0/stm32cubeide/plugins/com.st.stm32cube.ide.mcu.externaltools.gnu-tools-for-stm32.10.3-2021.10.win32_1.0.0.202111181127/tools/bin/../lib/gcc/arm-none-eabi/10.3.1/../../../../arm-none-eabi/lib/thumb/v6-m/nofp\libc_nano.a(lib_a-init.o)
 .ARM.attributes
                0x0000000000000358       0x2c c:/st/stm32cubeide_1.8.0/stm32cubeide/plugins/com.st.stm32cube.ide.mcu.externaltools.gnu-tools-for-stm32.10.3-2021.10.win32_1.0.0.202111181127/tools/bin/../lib/gcc/arm-none-eabi/10.3.1/../../../../arm-none-eabi/lib/thumb/v6-m/nofp\libc_nano.a(lib_a-memset.o)
 .ARM.attributes
                0x0000000000000384       0x1e c:/st/stm32cubeide_1.8.0/stm32cubeide/plugins/com.st.stm32cube.ide.mcu.externaltools.gnu-tools-for-stm32.10.3-2021.10.win32_1.0.0.202111181127/tools/bin/../lib/gcc/arm-none-eabi/10.3.1/thumb/v6-m/nofp\libgcc.a(_thumb1_case_sqi.o)
 .ARM.attributes
                0x00000000000003a2       0x1e c:/st/stm32cubeide_1.8.0/stm32cubeide/plugins/com.st.stm32cube.ide.mcu.externaltools.gnu-tools-for-stm32.10.3-2021.10.win32_1.0.0.202111181127/tools/bin/../lib/gcc/arm-none-eabi/10.3.1/thumb/v6-m/nofp\libgcc.a(_thumb1_case_uqi.o)
 .ARM.attributes
                0x00000000000003c0       0x1e c:/st/stm32cubeide_1.8.0/stm32cubeide/plugins/com.st.stm32cube.ide.mcu.externaltools.gnu-tools-for-stm32.10.3-2021.10.win32_1.0.0.202111181127/tools/bin/../lib/gcc/arm-none-eabi/10.3.1/thumb/v6-m/nofp\libgcc.a(_udivsi3.o)
 .ARM.attributes
                0x00000000000003de       0x1e c:/st/stm32cubeide_1.8.0/stm32cubeide/plugins/com.st.stm32cube.ide.mcu.externaltools.gnu-tools-for-stm32.10.3-2021.10.win32_1.0.0.202111181127/tools/bin/../lib/gcc/arm-none-eabi/10.3.1/thumb/v6-m/nofp\libgcc.a(_divsi3.o)
 .ARM.attributes
                0x00000000000003fc       0x1e c:/st/stm32cubeide_1.8.0/stm32cubeide/plugins/com.st.stm32cube.ide.mcu.externaltools.gnu-tools-for-stm32.10.3-2021.10.win32_1.0.0.202111181127/tools/bin/../lib/gcc/arm-none-eabi/10.3.1/thumb/v6-m/nofp\libgcc.a(_dvmd_tls.o)
 .ARM.attributes
                0x000000000000041a       0x1e c:/st/stm32cubeide_1.8.0/stm32cubeide/plugins/com.st.stm32cube.ide.mcu.externaltools.gnu-tools-for-stm32.10.3-2021.10.win32_1.0.0.202111181127/tools/bin/../lib/gcc/arm-none-eabi/10.3.1/thumb/v6-m/nofp\libgcc.a(_aeabi_uldivmod.o)
 .ARM.attributes
                0x0000000000000438       0x2c c:/st/stm32cubeide_1.8.0/stm32cubeide/plugins/com.st.stm32cube.ide.mcu.externaltools.gnu-tools-for-stm32.10.3-2021.10.win32_1.0.0.202111181127/tools/bin/../lib/gcc/arm-none-eabi/10.3.1/thumb/v6-m/nofp\libgcc.a(_udivmoddi4.o)
 .ARM.attributes
                0x0000000000000464       0x1e c:/st/stm32cubeide_1.8.0/stm32cubeide/plugins/com.st.stm32cube.ide.mcu.externaltools.gnu-tools-for-stm32.10.3-2021.10.win32_1.0.0.202111181127/tools/bin/../lib/gcc/arm-none-eabi/10.3.1/thumb/v6-m/nofp\libgcc.a(_clzdi2.o)
 .ARM.attributes
                0x0000000000000482       0x1e c:/st/stm32cubeide_1.8.0/stm32cubeide/plugins/com.st.stm32cube.ide.mcu.externaltools.gnu-tools-for-stm32.10.3-2021.10.win32_1.0.0.202111181127/tools/bin/../lib/gcc/arm-none-eabi/10.3.1/thumb/v6-m/nofp\libgcc.a(_clzsi2.o)
 .ARM.attributes
                0x00000000000004a0       0x1e c:/st/stm32cubeide_1.8.0/stm32cubeide/plugins/com.st.stm32cube.ide.mcu.externaltools.gnu-tools-for-stm32.10.3-2021.10.win32_1.0.0.202111181127/tools/bin/../lib/gcc/arm-none-eabi/10.3.1/thumb/v6-m/nofp/crtn.o
OUTPUT(glo02.elf elf32-littlearm)
LOAD linker stubs
LOAD c:/st/stm32cubeide_1.8.0/stm32cubeide/plugins/com.st.stm32cube.ide.mcu.externaltools.gnu-tools-for-stm32.10.3-2021.10.win32_1.0.0.202111181127/tools/bin/../lib/gcc/arm-none-eabi/10.3.1/../../../../arm-none-eabi/lib/thumb/v6-m/nofp\libc.a
LOAD c:/st/stm32cubeide_1.8.0/stm32cubeide/plugins/com.st.stm32cube.ide.mcu.externaltools.gnu-tools-for-stm32.10.3-2021.10.win32_1.0.0.202111181127/tools/bin/../lib/gcc/arm-none-eabi/10.3.1/../../../../arm-none-eabi/lib/thumb/v6-m/nofp\libm.a
LOAD c:/st/stm32cubeide_1.8.0/stm32cubeide/plugins/com.st.stm32cube.ide.mcu.externaltools.gnu-tools-for-stm32.10.3-2021.10.win32_1.0.0.202111181127/tools/bin/../lib/gcc/arm-none-eabi/10.3.1/thumb/v6-m/nofp\libgcc.a

.comment        0x0000000000000000       0x50
 .comment       0x0000000000000000       0x50 ./Core/Src/main.o
                                         0x51 (size before relaxing)
 .comment       0x0000000000000050       0x51 ./Core/Src/stm32g0xx_hal_msp.o
 .comment       0x0000000000000050       0x51 ./Core/Src/stm32g0xx_it.o
 .comment       0x0000000000000050       0x51 ./Core/Src/system_stm32g0xx.o
 .comment       0x0000000000000050       0x51 ./Drivers/STM32G0xx_HAL_Driver/stm32g0xx_hal.o
 .comment       0x0000000000000050       0x51 ./Drivers/STM32G0xx_HAL_Driver/stm32g0xx_hal_adc.o
 .comment       0x0000000000000050       0x51 ./Drivers/STM32G0xx_HAL_Driver/stm32g0xx_hal_cortex.o
 .comment       0x0000000000000050       0x51 ./Drivers/STM32G0xx_HAL_Driver/stm32g0xx_hal_dma.o
 .comment       0x0000000000000050       0x51 ./Drivers/STM32G0xx_HAL_Driver/stm32g0xx_hal_gpio.o
 .comment       0x0000000000000050       0x51 ./Drivers/STM32G0xx_HAL_Driver/stm32g0xx_hal_i2c.o
 .comment       0x0000000000000050       0x51 ./Drivers/STM32G0xx_HAL_Driver/stm32g0xx_hal_i2c_ex.o
 .comment       0x0000000000000050       0x51 ./Drivers/STM32G0xx_HAL_Driver/stm32g0xx_hal_pwr_ex.o
 .comment       0x0000000000000050       0x51 ./Drivers/STM32G0xx_HAL_Driver/stm32g0xx_hal_rcc.o
 .comment       0x0000000000000050       0x51 ./Drivers/STM32G0xx_HAL_Driver/stm32g0xx_hal_rcc_ex.o
 .comment       0x0000000000000050       0x51 ./Drivers/STM32G0xx_HAL_Driver/stm32g0xx_hal_uart.o
 .comment       0x0000000000000050       0x51 ./Drivers/STM32G0xx_HAL_Driver/stm32g0xx_hal_uart_ex.o

.debug_frame    0x0000000000000000       0xc8
 .debug_frame   0x0000000000000000       0x2c c:/st/stm32cubeide_1.8.0/stm32cubeide/plugins/com.st.stm32cube.ide.mcu.externaltools.gnu-tools-for-stm32.10.3-2021.10.win32_1.0.0.202111181127/tools/bin/../lib/gcc/arm-none-eabi/10.3.1/../../../../arm-none-eabi/lib/thumb/v6-m/nofp\libc_nano.a(lib_a-init.o)
 .debug_frame   0x000000000000002c       0x20 c:/st/stm32cubeide_1.8.0/stm32cubeide/plugins/com.st.stm32cube.ide.mcu.externaltools.gnu-tools-for-stm32.10.3-2021.10.win32_1.0.0.202111181127/tools/bin/../lib/gcc/arm-none-eabi/10.3.1/../../../../arm-none-eabi/lib/thumb/v6-m/nofp\libc_nano.a(lib_a-memset.o)
 .debug_frame   0x000000000000004c       0x20 c:/st/stm32cubeide_1.8.0/stm32cubeide/plugins/com.st.stm32cube.ide.mcu.externaltools.gnu-tools-for-stm32.10.3-2021.10.win32_1.0.0.202111181127/tools/bin/../lib/gcc/arm-none-eabi/10.3.1/thumb/v6-m/nofp\libgcc.a(_udivsi3.o)
 .debug_frame   0x000000000000006c       0x20 c:/st/stm32cubeide_1.8.0/stm32cubeide/plugins/com.st.stm32cube.ide.mcu.externaltools.gnu-tools-for-stm32.10.3-2021.10.win32_1.0.0.202111181127/tools/bin/../lib/gcc/arm-none-eabi/10.3.1/thumb/v6-m/nofp\libgcc.a(_divsi3.o)
 .debug_frame   0x000000000000008c       0x3c c:/st/stm32cubeide_1.8.0/stm32cubeide/plugins/com.st.stm32cube.ide.mcu.externaltools.gnu-tools-for-stm32.10.3-2021.10.win32_1.0.0.202111181127/tools/bin/../lib/gcc/arm-none-eabi/10.3.1/thumb/v6-m/nofp\libgcc.a(_udivmoddi4.o)
